  CHK     include/linux/version.h
  HOSTCC  scripts/basic/fixdep
  HOSTCC  scripts/bin2c
  HOSTCC  scripts/kallsyms
  HOSTCC  scripts/mod/mk_elfconfig
  HOSTCC  scripts/selinux/mdp/mdp
  CC      scripts/mod/empty.o
  HOSTCC  scripts/selinux/genheaders/genheaders
  MKELF   scripts/mod/elfconfig.h
  HOSTCC  scripts/mod/file2alias.o
  HOSTCC  scripts/mod/modpost.o
  HOSTCC  scripts/mod/sumversion.o
  CHK     include/generated/utsrelease.h
make[1]: 'include/generated/mach-types.h' is up to date.
  CC      kernel/bounds.s
  GEN     include/generated/bounds.h
  CC      arch/arm/kernel/asm-offsets.s
  GEN     include/generated/asm-offsets.h
  CALL    scripts/checksyscalls.sh
  HOSTLD  scripts/mod/modpost
  CHK     include/generated/compile.h
  CC      init/main.o
  CC      init/do_mounts.o
  CC      init/do_mounts_rd.o
  CC      init/do_mounts_initrd.o
  CC      init/initramfs.o
  CC      init/calibrate.o
  HOSTCC  usr/gen_init_cpio
  CC      arch/arm/vfp/vfpmodule.o
  CC      init/version.o
  AS      arch/arm/vfp/entry.o
  AS      arch/arm/vfp/vfphw.o
  CC      arch/arm/vfp/vfpsingle.o
  GEN     usr/initramfs_data.cpio
  CC      arch/arm/kernel/elf.o
  AS      arch/arm/kernel/entry-armv.o
  AS      arch/arm/kernel/entry-common.o
  AS      usr/initramfs_data.o
  CC      arch/arm/vfp/vfpdouble.o
  LD      usr/built-in.o
  CC      arch/arm/kernel/irq.o
  CC      arch/arm/kernel/opcodes.o
  CC      arch/arm/mm/dma-mapping.o
  CC      arch/arm/mm/extable.o
  CC      arch/arm/kernel/process.o
  CC      arch/arm/mm/fault.o
  CC      arch/arm/kernel/ptrace.o
  LD      init/mounts.o
  LD      init/built-in.o
  CC      arch/arm/mm/init.o
  CC      arch/arm/kernel/return_address.o
  CC      arch/arm/common/gic.o
  CC      arch/arm/kernel/sched_clock.o
  CC      arch/arm/kernel/setup.o
  CC      arch/arm/mm/iomap.o
  CC      arch/arm/mm/fault-armv.o
  CC      arch/arm/kernel/stacktrace.o
  CC      arch/arm/kernel/signal.o
  CC      arch/arm/kernel/sys_arm.o
  CC      arch/arm/mm/flush.o
  AS      arch/arm/common/bL_head.o
  CC      arch/arm/mm/idmap.o
  CC      arch/arm/common/bL_entry.o
  CC      arch/arm/common/bL_switcher.o
  CC      arch/arm/mm/ioremap.o
  LD      arch/arm/vfp/vfp.o
  LD      arch/arm/vfp/built-in.o
  CC      arch/arm/kernel/time.o
  LD      arch/arm/net/built-in.o
  CC      arch/arm/mm/mmap.o
  CC      arch/arm/mm/pgd.o
  CC      arch/arm/mach-exynos/common.o
  CC      arch/arm/mach-exynos/irq-sgi.o
  AS      arch/arm/common/bL_vlock.o
  CC      arch/arm/kernel/traps.o
  CC      arch/arm/mm/mmu.o
  AS      arch/arm/kernel/sleep.o
  CC      arch/arm/kernel/cpuidle.o
  CC      arch/arm/plat-samsung/init.o
  CC      arch/arm/plat-s5p/clock.o
  LD      arch/arm/common/built-in.o
  CC      arch/arm/kernel/suspend.o
  CC      arch/arm/mm/vmregion.o
  CC      kernel/fork.o
  CC      arch/arm/mm/rodata.o
  CC      arch/arm/plat-samsung/cpu.o
  CC      arch/arm/plat-s5p/irq.o
  CC      arch/arm/kernel/smp.o
  CC      arch/arm/mm/alignment.o
  CC      arch/arm/plat-samsung/clock.o
  CC      arch/arm/plat-s5p/irq-gpioint.o
  CC      arch/arm/mm/highmem.o
  CC      arch/arm/mach-exynos/clock-exynos5420.o
  CC      arch/arm/kernel/smp_tlb.o
  AS      arch/arm/mm/abort-ev7.o
  AS      arch/arm/mm/pabort-v7.o
  CC      arch/arm/plat-s5p/pm.o
  AS      arch/arm/mm/cache-v7.o
  CC      arch/arm/mm/copypage-v6.o
  CC      arch/arm/mm/context.o
  AS      arch/arm/mm/tlb-v7.o
  CC      arch/arm/plat-s5p/irq-pm.o
  CC      arch/arm/kernel/smp_scu.o
  CC      arch/arm/plat-samsung/pwm-clock.o
  AS      arch/arm/mm/proc-v7.o
  CC      arch/arm/plat-samsung/clock-clksrc.o
  CC      arch/arm/plat-samsung/irq-vic-timer.o
  LD      arch/arm/mm/built-in.o
  CC      mm/filemap.o
  CC      arch/arm/mach-exynos/asv-exynos.o
  CC      arch/arm/kernel/swp_emulate.o
  AS      arch/arm/plat-s5p/sleep.o
  CC      arch/arm/plat-s5p/dev-mfc.o
  CC      arch/arm/plat-samsung/adc.o
  CC      arch/arm/plat-samsung/platformdata.o
  CC      arch/arm/plat-samsung/devs.o
  CC      arch/arm/plat-s5p/setup-mipiphy.o
  CC      arch/arm/mach-exynos/asv-exynos5420.o
  CC      arch/arm/mach-exynos/cci.o
  CC      arch/arm/plat-samsung/dev-uart.o
  CC      kernel/exec_domain.o
  CC      arch/arm/kernel/pmu.o
  LD      arch/arm/plat-s5p/built-in.o
  CC      arch/arm/plat-samsung/dev-mipidsim.o
  CC      fs/open.o
  CC      arch/arm/mach-exynos/sys-if-switcher.o
  CC      arch/arm/plat-samsung/dev-dp.o
  CC      arch/arm/kernel/topology.o
  CC      arch/arm/plat-samsung/dev-backlight.o
  CC      mm/mempool.o
  CC      kernel/panic.o
  CC      mm/oom_kill.o
  CC      arch/arm/mach-exynos/bts-exynos5420.o
  CC      arch/arm/kernel/io.o
  CC      arch/arm/plat-samsung/dma-ops.o
  CC      arch/arm/mach-exynos/pm.o
  AS      arch/arm/kernel/head.o
  CC      kernel/printk.o
  CC      arch/arm/plat-samsung/pm.o
  CC      arch/arm/kernel/init_task.o
  CC      mm/fadvise.o
  CC      arch/arm/mach-exynos/pm_domains.o
  CC      arch/arm/plat-samsung/pm-gpio.o
  LDS     arch/arm/kernel/vmlinux.lds
  CC      fs/read_write.o
  LD      arch/arm/kernel/built-in.o
  CC      arch/arm/mach-exynos/pm_domains5.o
  CC      mm/maccess.o
  CC      ipc/util.o
  CC      mm/page_alloc.o
  CC      mm/page-writeback.o
  CC      security/keys/gc.o
  CC      arch/arm/plat-samsung/pwm.o
  CC      arch/arm/mach-exynos/pm_interrupt_domains.o
  CC      security/keys/key.o
  LD      arch/arm/plat-samsung/built-in.o
  CC      ipc/msgutil.o
  CC      crypto/api.o
  CC      block/elevator.o
  CC      fs/file_table.o
  CC      kernel/cpu.o
  CC      ipc/msg.o
  CC      security/keys/keyring.o
  CC      arch/arm/mach-exynos/cpuidle.o
  CC      fs/super.o
  CC      kernel/exit.o
  CC      crypto/cipher.o
  CC      ipc/sem.o
  CC      security/keys/keyctl.o
  CC      arch/arm/mach-exynos/pmu.o
  CC      block/blk-core.o
  CC      crypto/compress.o
  CC      arch/arm/mach-exynos/platsmp.o
  AS      arch/arm/mach-exynos/headsmp.o
  CC      arch/arm/mach-exynos/mct.o
  CC      crypto/algapi.o
  CC      arch/arm/mach-exynos/hotplug.o
  CC      fs/char_dev.o
  CC      arch/arm/mach-exynos/clock-audss.o
  CC      arch/arm/mach-exynos/persistent_clock.o
  CC      arch/arm/mach-exynos/debug_exynos54XX.o
  CC      ipc/shm.o
  CC      security/keys/permission.o
  CC      mm/readahead.o
  AS      arch/arm/mach-exynos/smc.o
  CC      fs/stat.o
  CC      kernel/itimer.o
  CC      arch/arm/mach-exynos/mach-universal5420.o
  CC      security/keys/process_keys.o
  CC      security/keys/request_key.o
  CC      arch/arm/mach-exynos/board-universal5420-mmc.o
  CC      mm/swap.o
  CC      fs/exec.o
  CC      crypto/scatterwalk.o
  TIMEC   kernel/timeconst.h
  CC      kernel/softirq.o
  CC      ipc/ipcns_notifier.o
  CC      mm/truncate.o
  CC      arch/arm/mach-exynos/board-universal5420-power.o
  CC      security/keys/request_key_auth.o
  CC      crypto/proc.o
  CC      ipc/syscall.o
  CC      arch/arm/mach-exynos/sec-common.o
  CC      ipc/ipc_sysctl.o
  CC      crypto/ablkcipher.o
  CC      arch/arm/mach-exynos/board-chagall-pmic.o
  CC      security/keys/user_defined.o
  LD      ipc/built-in.o
  CC      mm/vmscan.o
  CC      drivers/amba/bus.o
  CC      mm/shmem.o
  CC      arch/arm/mach-exynos/board-v1-thermistor.o
  CC      block/blk-tag.o
  CC      kernel/resource.o
  CC      security/keys/proc.o
  CC      arch/arm/mach-exynos/board-chagall-gpio.o
  LD      drivers/amba/built-in.o
  CC      arch/arm/mach-exynos/board-universal5420-gpiodvs.o
  LD      drivers/auxdisplay/built-in.o
  CC      drivers/base/core.o
  CC      security/keys/sysctl.o
  CC      crypto/blkcipher.o
  CC      fs/pipe.o
  CC      block/blk-sysfs.o
  CC      arch/arm/mach-exynos/board-universal5420-usb.o
  LD      security/keys/built-in.o
  GEN     security/selinux/flask.h security/selinux/av_permissions.h
  CC      security/selinux/avc.o
  CC      kernel/sysctl.o
  CC      arch/arm/mach-exynos/board-universal5420-audio-w.o
  CC      block/blk-flush.o
  CC      crypto/ahash.o
  CC      arch/arm/mach-exynos/board-chagall-display.o
  CC      drivers/base/bus.o
  CC      fs/namei.o
  CC      security/selinux/hooks.o
  CC      block/blk-settings.o
  CC      arch/arm/mach-exynos/board-chagall-input.o
  CC      mm/prio_tree.o
  CC      crypto/shash.o
  CC      kernel/sysctl_binary.o
  CC      mm/util.o
  CC      block/blk-ioc.o
  CC      arch/arm/mach-exynos/board-universal5420-clock.o
  CC      drivers/base/dd.o
  CC      drivers/base/syscore.o
  CC      kernel/capability.o
  CC      crypto/algboss.o
  CC      drivers/base/driver.o
  CC      block/blk-map.o
  CC      drivers/base/class.o
  CC      mm/mmzone.o
  CC      arch/arm/mach-exynos/board-universal5420-media.o
  CC      drivers/base/platform.o
  CC      kernel/ptrace.o
  CC      mm/vmstat.o
  CC      block/blk-exec.o
  CC      arch/arm/mach-exynos/board-v1a-fpga.o
  CC      crypto/testmgr.o
  CC      drivers/base/cpu.o
  CC      block/blk-merge.o
  CC      arch/arm/mach-exynos/board-universal5420-vibrator.o
  CC      drivers/base/firmware.o
  CC      kernel/timer.o
  CC      drivers/base/init.o
  CC      drivers/base/map.o
  CC      crypto/crypto_wq.o
  CC      arch/arm/mach-exynos/board-lt03-battery.o
  CC      drivers/base/devres.o
  CC      mm/backing-dev.o
  CC      drivers/base/attribute_container.o
  LD      crypto/crypto_algapi.o
  CC      block/blk-softirq.o
  CC      crypto/aead.o
  CC      fs/fcntl.o
  CC      arch/arm/mach-exynos/board-universal5420-mfd.o
  CC      drivers/base/transport_class.o
  CC      drivers/base/topology.o
  CC      block/blk-timeout.o
  CC      drivers/base/power/sysfs.o
  CC      arch/arm/mach-exynos/sec-switch.o
  CC      drivers/base/regmap/regmap.o
  CC      mm/page_isolation.o
  LD      crypto/crypto_blkcipher.o
  CC      crypto/chainiv.o
  CC      fs/ioctl.o
  CC      block/blk-iopoll.o
  CC      drivers/base/power/generic_ops.o
  CC      mm/mm_init.o
  CC      arch/arm/mach-exynos/board-universal5420-sensor.o
  CC      mm/mmu_context.o
  CC      security/selinux/selinuxfs.o
  CC      crypto/eseqiv.o
  CC      kernel/user.o
  CC      drivers/base/power/common.o
  CC      block/blk-lib.o
  CC      fs/readdir.o
  CC      arch/arm/mach-exynos/board-bluetooth-bcm4339.o
  CC      mm/percpu.o
  CC      drivers/base/power/qos.o
  CC      kernel/signal.o
  CC      drivers/base/regmap/regcache.o
  LD      crypto/crypto_hash.o
  CC      crypto/pcompress.o
  CC      block/ioctl.o
  CC      fs/select.o
  CC      arch/arm/mach-exynos/board-universal5420-mhl.o
  CC      drivers/base/power/main.o
  LD      crypto/cryptomgr.o
  CC      crypto/hmac.o
  CC      drivers/base/regmap/regcache-rbtree.o
  CC      arch/arm/mach-exynos/mach-exynos5-audio.o
  CC      block/genhd.o
  CC      arch/arm/mach-exynos/board-universal5420-wlan.o
  CC      crypto/md4.o
  CC      fs/fifo.o
  CC      drivers/base/regmap/regcache-lzo.o
  CC      security/selinux/netlink.o
  CC      mm/fremap.o
  CC      arch/arm/mach-exynos/dev-uart.o
  CC      fs/dcache.o
  CC      security/selinux/nlmsgtab.o
  CC      drivers/base/power/wakeup.o
  CC      crypto/md5.o
  CC      drivers/base/regmap/regmap-debugfs.o
  CC      arch/arm/mach-exynos/dev-audio.o
  CC      crypto/sha1_generic.o
  CC      mm/highmem.o
  CC      security/selinux/netif.o
  CC      arch/arm/mach-exynos/dev-dwmci.o
  CC      block/scsi_ioctl.o
  CC      kernel/sys.o
  CC      crypto/sha256_generic.o
  CC      drivers/base/regmap/regmap-i2c.o
  CC      drivers/base/power/runtime.o
  CC      arch/arm/mach-exynos/dev-fimc-is.o
  CC      drivers/base/regmap/regmap-spi.o
  CC      mm/madvise.o
  CC      arch/arm/mach-exynos/dev-fimc-lite.o
  CC      security/selinux/netnode.o
  CC      drivers/base/regmap/regmap-irq.o
  CC      block/partition-generic.o
  CC      arch/arm/mach-exynos/dev-gsc.o
  CC      mm/memory.o
  CC      arch/arm/mach-exynos/setup-gsc.o
  LD      drivers/base/regmap/built-in.o
  CC      security/selinux/netport.o
  CC      drivers/base/dma-mapping.o
  CC      crypto/ecb.o
  CC      drivers/base/power/opp.o
  CC      arch/arm/mach-exynos/dev-scaler.o
  CC      kernel/kmod.o
  CC      crypto/cbc.o
  CC      block/partitions/check.o
  CC      fs/inode.o
  CC      arch/arm/mach-exynos/dev-sysmmu.o
  CC      drivers/base/dma-coherent.o
  CC      security/selinux/exports.o
  CC      drivers/base/power/domain.o
  CC      crypto/des_generic.o
  CC      security/selinux/ss/ebitmap.o
  CC      block/partitions/msdos.o
  CC      kernel/workqueue.o
  CC      arch/arm/mach-exynos/dma.o
  CC      drivers/base/dma-buf.o
  CC      arch/arm/mach-exynos/dev-usb-switch.o
  CC      arch/arm/mach-exynos/dev-ohci.o
  CC      block/partitions/efi.o
  CC      drivers/base/firmware_class.o
  CC      security/selinux/ss/hashtab.o
  CC      arch/arm/mach-exynos/dev-usb3-drd.o
  CC      fs/attr.o
  CC      mm/mincore.o
  CC      security/selinux/ss/symtab.o
  CC      crypto/twofish_generic.o
  CC      arch/arm/mach-exynos/dev-jpeg-hx.o
  CC      security/selinux/ss/sidtab.o
  CC      drivers/base/power/domain_governor.o
  CC      arch/arm/mach-exynos/dev-tmu.o
  CC      fs/bad_inode.o
  LD      block/partitions/built-in.o
  CC      block/noop-iosched.o
  CC      drivers/base/sync.o
  CC      mm/mlock.o
  CC      drivers/base/power/clock_ops.o
  CC      arch/arm/mach-exynos/dev-hs-i2c0.o
  CC      fs/file.o
  CC      block/deadline-iosched.o
  CC      arch/arm/mach-exynos/dev-hs-i2c1.o
  CC      crypto/twofish_common.o
  CC      security/selinux/ss/avtab.o
  CC      arch/arm/mach-exynos/dev-hs-i2c2.o
  LD      drivers/base/power/built-in.o
  CC      block/row-iosched.o
  CC      arch/arm/mach-exynos/dev-hs-i2c3.o
  CC      mm/mmap.o
  CC      arch/arm/mach-exynos/dev-hs-i2c4.o
  CC      fs/filesystems.o
  CC      arch/arm/mach-exynos/dev-hs-i2c5.o
  CC      block/cfq-iosched.o
  CC      drivers/base/sw_sync.o
  CC      kernel/pid.o
  CC      security/selinux/ss/policydb.o
  CC      arch/arm/mach-exynos/dev-hs-i2c6.o
  CC      fs/namespace.o
  CC      arch/arm/mach-exynos/dev-fimg2d.o
  CC      crypto/aes_generic.o
  LD      drivers/base/built-in.o
  CC      block/test-iosched.o
  CC      drivers/battery/sec_battery.o
  CC      arch/arm/mach-exynos/setup-i2c0.o
  CC      arch/arm/mach-exynos/setup-fimd1.o
  CC      arch/arm/mach-exynos/setup-dp.o
  CC      kernel/rcupdate.o
  CC      arch/arm/mach-exynos/setup-mipidsim.o
  CC      kernel/extable.o
  CC      mm/mprotect.o
  CC      mm/mremap.o
  CC      arch/arm/mach-exynos/secmem.o
  CC      kernel/params.o
  CC      arch/arm/mach-exynos/setup-fimc-is.o
  LD      block/built-in.o
  CC      sound/sound_core.o
  CC      mm/msync.o
  CC      fs/seq_file.o
  CC      crypto/arc4.o
  CC      mm/rmap.o
  LD      sound/arm/built-in.o
  LD      sound/atmel/built-in.o
  CC      crypto/deflate.o
  CC      sound/core/hwdep.o
  CC      kernel/posix-timers.o
  CC      mm/vmalloc.o
  CC      crypto/crc32c.o
  CC      crypto/authenc.o
  CC      sound/core/memalloc.o
  CC      drivers/battery/sec_fuelgauge.o
  CC      fs/xattr.o
  CC      security/selinux/ss/services.o
  CC      kernel/kthread.o
  CC      mm/pagewalk.o
  CC      arch/arm/mach-exynos/setup-fimc-is-sensor.o
  CC      drivers/battery/max17050_fuelgauge.o
  CC      crypto/authencesn.o
  CC      arch/arm/mach-exynos/setup-i2c1.o
  CC      sound/core/pcm.o
  CC      arch/arm/mach-exynos/setup-i2c2.o
  CC      mm/pgtable-generic.o
  CC      fs/libfs.o
  CC      kernel/wait.o
  CC      arch/arm/mach-exynos/setup-i2c3.o
  CC      arch/arm/mach-exynos/setup-hs-i2c0.o
  CC      mm/process_vm_access.o
  CC      arch/arm/mach-exynos/setup-hs-i2c1.o
  CC      kernel/kfifo.o
  CC      arch/arm/mach-exynos/setup-hs-i2c2.o
  CC      mm/init-mm.o
  CC      crypto/lzo.o
  CC      arch/arm/mach-exynos/setup-hs-i2c3.o
  CC      mm/bootmem.o
  CC      arch/arm/mach-exynos/setup-hs-i2c4.o
  CC      crypto/rng.o
  CC      sound/core/pcm_native.o
  CC      mm/memblock.o
  CC      fs/fs-writeback.o
  CC      arch/arm/mach-exynos/setup-hs-i2c5.o
  CC      drivers/battery/max77803_charger.o
  CC      arch/arm/mach-exynos/setup-hs-i2c6.o
  CC      crypto/krng.o
  CC      kernel/sys_ni.o
  CC      kernel/posix-cpu-timers.o
  CC      arch/arm/mach-exynos/setup-mfc.o
  CC      crypto/ansi_cprng.o
  CC      mm/bounce.o
  CC      security/selinux/ss/conditional.o
  CC      mm/page_io.o
  CC      arch/arm/mach-exynos/setup-usb-phy.o
  LD      crypto/crypto.o
  LD      crypto/built-in.o
  MK_FW   firmware/cypress/cypress_ha_m07.fw.gen.S
  IHEX    firmware/cypress/cypress_ha_m07.fw
  MK_FW   firmware/cypress/cypress_ha_m09.fw.gen.S
  IHEX    firmware/cypress/cypress_ha_m09.fw
  CC      security/commoncap.o
  MK_FW   firmware/coreriver/tc300k_chagall.fw.gen.S
  MK_FW   firmware/tsp_synaptics/synaptics_chagall.fw.gen.S
  CC      mm/swap_state.o
  AS      firmware/cypress/cypress_ha_m07.fw.gen.o
  AS      firmware/cypress/cypress_ha_m09.fw.gen.o
  CC      arch/arm/mach-exynos/setup-spi.o
  AS      firmware/coreriver/tc300k_chagall.fw.gen.o
  AS      firmware/tsp_synaptics/synaptics_chagall.fw.gen.o
  LD      drivers/battery/built-in.o
  LD      firmware/built-in.o
  CC      drivers/block/brd.o
  CC      mm/swapfile.o
  CC      security/selinux/ss/mls.o
  CC      kernel/mutex.o
  CC      mm/thrash.o
  CC      arch/arm/mach-exynos/setup-tvout.o
  CC      arch/arm/mach-exynos/setup-adc.o
  CC      fs/pnode.o
  CC      mm/frontswap.o
  CC      kernel/hrtimer.o
  CC      arch/arm/mach-exynos/dev-ion.o
  CC      drivers/block/loop.o
  CC      security/min_addr.o
  CC      arch/arm/mach-exynos/reserve-mem.o
  CC      fs/drop_caches.o
  CC      security/selinux/ss/status.o
  CC      mm/zswap.o
  CC      security/security.o
  CC      arch/arm/mach-exynos/resetreason.o
  CC      arch/arm/mach-exynos/bL_control.o
  CC      fs/splice.o
  CC      sound/core/pcm_lib.o
  LD      security/selinux/selinux.o
  LD      security/selinux/built-in.o
  CC      security/capability.o
  AS      arch/arm/mach-exynos/bL_setup.o
  CC      mm/dmapool.o
  CC      arch/arm/mach-exynos/sec-reboot.o
  CC      kernel/rwsem.o
  CC      kernel/nsproxy.o
  LD      drivers/block/built-in.o
  CC      drivers/bluetooth/hci_ldisc.o
  CC      arch/arm/mach-exynos/sec_debug.o
  CC      arch/arm/mach-exynos/sec_getlog.o
  CC      kernel/srcu.o
  CC      arch/arm/mach-exynos/sec_gaf.o
  CC      kernel/semaphore.o
  CC      mm/compaction.o
  CC      kernel/notifier.o
  CC      arch/arm/mach-exynos/sec_log.o
  CC      kernel/ksysfs.o
  CC      fs/sync.o
  CC      drivers/bluetooth/hci_h4.o
  CC      kernel/cred.o
  CC      net/socket.o
  CC      arch/arm/mach-exynos/sec_misc.o
  CC      sound/core/pcm_timer.o
  CC      security/lsm_audit.o
  CC      arch/arm/mach-exynos/sec_thermistor.o
  CC      fs/utimes.o
  CC      mm/ksm.o
  LD      drivers/bluetooth/hci_uart.o
  LD      drivers/bluetooth/built-in.o
  LD      drivers/cdrom/built-in.o
  CC      drivers/char/mem.o
  CC      sound/core/pcm_misc.o
  CC      arch/arm/mach-exynos/sec_gps_bcm47531.o
  CC      kernel/async.o
  CC      fs/stack.o
  CC      fs/fs_struct.o
  LD      arch/arm/mach-exynos/built-in.o
  LD      security/built-in.o
  LD      arch/arm/lib/built-in.o
  CC      kernel/range.o
  AS      arch/arm/lib/ashldi3.o
  AS      arch/arm/lib/ashrdi3.o
  AS      arch/arm/lib/backtrace.o
  AS      arch/arm/lib/call_with_stack.o
  CC      sound/core/pcm_memory.o
  CC      lib/bcd.o
  CC      fs/statfs.o
  AS      arch/arm/lib/changebit.o
  AS      arch/arm/lib/clear_user.o
  CC      lib/div64.o
  AS      arch/arm/lib/clearbit.o
  CC      lib/sort.o
  CC      kernel/groups.o
  AS      arch/arm/lib/copy_from_user.o
  CC      drivers/char/random.o
  AS      arch/arm/lib/copy_page.o
  AS      arch/arm/lib/copy_to_user.o
  CC      lib/parser.o
  AS      arch/arm/lib/csumipv6.o
  CC      lib/halfmd4.o
  AS      arch/arm/lib/csumpartial.o
  CC      fs/buffer.o
  AS      arch/arm/lib/csumpartialcopy.o
  CC      lib/debug_locks.o
  CC      sound/core/rawmidi.o
  CC      lib/random32.o
  AS      arch/arm/lib/csumpartialcopyuser.o
  CC      lib/bust_spinlocks.o
  CC      kernel/irq/irqdesc.o
  AS      arch/arm/lib/delay.o
  AS      arch/arm/lib/div64.o
  CC      lib/hexdump.o
  LD      net/802/built-in.o
  CC      mm/slub.o
  AS      arch/arm/lib/findbit.o
  CC      lib/kasprintf.o
  CC      net/bluetooth/af_bluetooth.o
  AS      arch/arm/lib/getuser.o
  AS      arch/arm/lib/io-readsb.o
  CC      lib/bitmap.o
  CC      lib/scatterlist.o
  AS      arch/arm/lib/io-readsl.o
  CC      kernel/irq/handle.o
  AS      arch/arm/lib/io-readsw-armv4.o
  AS      arch/arm/lib/io-writesb.o
  AS      arch/arm/lib/io-writesl.o
  CC      drivers/char/misc.o
  AS      arch/arm/lib/io-writesw-armv4.o
  CC      lib/string_helpers.o
  AS      arch/arm/lib/lib1funcs.o
  AS      arch/arm/lib/lshrdi3.o
  CC      kernel/irq/manage.o
  AS      arch/arm/lib/memchr.o
  CC      lib/gcd.o
  CC      net/bluetooth/hci_core.o
  CC      lib/lcm.o
  AS      arch/arm/lib/memcpy.o
  CC      lib/list_sort.o
  CC      drivers/char/hw_random/core.o
  CC      lib/uuid.o
  AS      arch/arm/lib/memmove.o
  AS      arch/arm/lib/memset.o
  CC      lib/flex_array.o
  CC      lib/bsearch.o
  AS      arch/arm/lib/memzero.o
  CC      sound/core/timer.o
  CC      lib/find_last_bit.o
  AS      arch/arm/lib/muldi3.o
  AS      arch/arm/lib/putuser.o
  CC      lib/find_next_bit.o
  AS      arch/arm/lib/setbit.o
  AS      arch/arm/lib/strchr.o
  LD      drivers/char/hw_random/rng-core.o
  LD      drivers/char/hw_random/built-in.o
  CC      lib/llist.o
  LD      drivers/char/built-in.o
  AS      arch/arm/lib/strncpy_from_user.o
  CC      drivers/clk/clkdev.o
  AS      arch/arm/lib/strnlen_user.o
  AS      arch/arm/lib/strrchr.o
  AS      arch/arm/lib/testchangebit.o
  AS      arch/arm/lib/testclearbit.o
  AS      arch/arm/lib/testsetbit.o
  CC      lib/kstrtox.o
  AS      arch/arm/lib/ucmpdi2.o
  CC      lib/pci_iomap.o
  AR      arch/arm/lib/lib.a
  CC      kernel/irq/spurious.o
  CC      fs/bio.o
  LD      drivers/clk/built-in.o
  LD      drivers/clocksource/built-in.o
  CC      fs/block_dev.o
  CC      drivers/cpufreq/cpufreq.o
  CC      lib/iomap_copy.o
  CC      lib/devres.o
  CC      kernel/irq/resend.o
  CC      kernel/irq/chip.o
  CC      lib/spinlock_debug.o
  CC      kernel/irq/dummychip.o
  CC      lib/hweight.o
  CC      kernel/irq/devres.o
  CC      lib/smp_processor_id.o
  CC      kernel/irq/generic-chip.o
  CC      fs/direct-io.o
  CC      sound/core/sound.o
  CC      kernel/irq/autoprobe.o
  CC      fs/mpage.o
  CC      lib/list_debug.o
  CC      lib/bitrev.o
  CC      drivers/cpufreq/cpu-boost.o
  CC      lib/crc-ccitt.o
  CC      kernel/irq/irqdomain.o
  CC      sound/core/init.o
  CC      lib/crc16.o
  HOSTCC  lib/gen_crc32table
  CC      lib/libcrc32c.o
  CC      drivers/cpufreq/cpufreq_stats.o
  CC      lib/genalloc.o
  CC      net/bluetooth/hci_conn.o
  CC      net/bluetooth/hci_event.o
  CC      mm/migrate.o
  CC      lib/lzo/lzo1x_compress.o
  CC      kernel/irq/proc.o
  CC      sound/core/memory.o
  CC      lib/reed_solomon/reed_solomon.o
  CC      drivers/cpufreq/cpufreq_ondemand.o
  CC      sound/core/info.o
  CC      lib/lzo/lzo1x_decompress_safe.o
  CC      kernel/irq/pm.o
  CC      mm/zsmalloc.o
  LD      kernel/irq/built-in.o
  CC      kernel/power/qos.o
  LD      lib/lzo/lzo_compress.o
  LD      lib/lzo/lzo_decompress.o
  LD      lib/lzo/built-in.o
  CC      lib/zlib_deflate/deflate.o
  CC      drivers/cpufreq/cpufreq_conservative.o
  LD      lib/reed_solomon/built-in.o
  CC      lib/zlib_inflate/inffast.o
  CC      sound/core/control.o
  CC      lib/zlib_inflate/inflate.o
  CC      net/bluetooth/mgmt.o
  CC      mm/cma.o
  CC      fs/ioprio.o
  CC      kernel/power/main.o
  CC      drivers/cpufreq/cpufreq_interactive.o
  CC      fs/proc_namespace.o
  CC      kernel/power/process.o
  CC      lib/zlib_deflate/deftree.o
  CC      mm/cma-best-fit.o
  CC      fs/cifs/cifsfs.o
  CC      lib/zlib_inflate/infutil.o
  CC      kernel/power/suspend.o
  CC      sound/core/misc.o
  LD      mm/built-in.o
  CC      sound/core/device.o
  CC      lib/zlib_inflate/inftrees.o
  CC      sound/core/jack.o
  CC      kernel/power/autosleep.o
  CC      lib/zlib_inflate/inflate_syms.o
  CC      net/bluetooth/hci_sock.o
  CC      fs/cifs/cifssmb.o
  LD      lib/zlib_inflate/zlib_inflate.o
  CC      kernel/power/wakelock.o
  LD      lib/zlib_inflate/built-in.o
  CC      lib/textsearch.o
  LD      sound/core/snd.o
  CC      drivers/cpufreq/freq_table.o
  LD      sound/core/snd-hwdep.o
  LD      sound/core/snd-timer.o
  CC      lib/zlib_deflate/deflate_syms.o
  LD      sound/core/snd-pcm.o
  LD      sound/core/snd-page-alloc.o
  LD      sound/core/snd-rawmidi.o
  LD      sound/core/built-in.o
  LD      lib/zlib_deflate/zlib_deflate.o
  LD      sound/drivers/mpu401/built-in.o
  LD      lib/zlib_deflate/built-in.o
  CC      kernel/power/suspend_time.o
  CC      lib/ts_kmp.o
  CC      drivers/cpufreq/exynos-ikcs-cpufreq.o
  CC      lib/ts_bm.o
  LD      sound/drivers/opl3/built-in.o
  LD      sound/drivers/opl4/built-in.o
  LD      sound/drivers/pcsp/built-in.o
  LD      sound/drivers/vx/built-in.o
  LD      sound/drivers/built-in.o
  CC      kernel/power/poweroff.o
  LD      sound/firewire/built-in.o
  CC      lib/ts_fsm.o
  LD      kernel/power/built-in.o
  LD      sound/i2c/other/built-in.o
  LD      sound/i2c/built-in.o
  CC      kernel/sched/core.o
  CC      lib/percpu_counter.o
  LD      sound/isa/ad1816a/built-in.o
  LD      sound/isa/ad1848/built-in.o
  LD      sound/isa/cs423x/built-in.o
  LD      sound/isa/es1688/built-in.o
  CC      lib/audit.o
  LD      sound/isa/galaxy/built-in.o
  LD      sound/isa/gus/built-in.o
  CC      net/bluetooth/hci_sysfs.o
  CC      net/bluetooth/l2cap_core.o
  LD      sound/isa/msnd/built-in.o
  CC      lib/dynamic_debug.o
  LD      sound/isa/opti9xx/built-in.o
  CC      lib/nlattr.o
  LD      sound/isa/sb/built-in.o
  LD      sound/isa/wavefront/built-in.o
  CC      net/bluetooth/l2cap_sock.o
  LD      sound/isa/wss/built-in.o
  LD      sound/isa/built-in.o
  LD      sound/mips/built-in.o
  CC      drivers/cpufreq/exynos5420-cpufreq.o
  LD      sound/parisc/built-in.o
  LD      sound/pci/ac97/built-in.o
  LD      sound/pci/ali5451/built-in.o
  CC      lib/cpu_rmap.o
  CC      net/bluetooth/smp.o
  LD      sound/pci/asihpi/built-in.o
  LD      sound/pci/au88x0/built-in.o
  LD      sound/pci/aw2/built-in.o
  LD      sound/pci/ca0106/built-in.o
  LD      sound/pci/cs46xx/built-in.o
  CC      lib/dynamic_queue_limits.o
  LD      sound/pci/cs5535audio/built-in.o
  CC      lib/argv_split.o
  LD      sound/pci/ctxfi/built-in.o
  CC      drivers/cpufreq/dm_cpu_hotplug.o
  LD      sound/pci/echoaudio/built-in.o
  CC      lib/bug.o
  LD      sound/pci/emu10k1/built-in.o
  CC      net/bluetooth/sco.o
  LD      sound/pci/hda/built-in.o
  CC      lib/cmdline.o
  LD      sound/pci/ice1712/built-in.o
  LD      sound/pci/korg1212/built-in.o
  LD      sound/pci/lola/built-in.o
  CC      lib/cpumask.o
  CC      lib/ctype.o
  LD      sound/pci/lx6464es/built-in.o
  LD      sound/pci/mixart/built-in.o
  CC      lib/dec_and_lock.o
  LD      sound/pci/nm256/built-in.o
  LD      sound/pci/oxygen/built-in.o
  CC      net/bluetooth/lib.o
  LD      sound/pci/pcxhr/built-in.o
  LD      sound/pci/riptide/built-in.o
  LD      sound/pci/rme9652/built-in.o
  LD      drivers/cpufreq/built-in.o
  CC      lib/decompress.o
  CC      drivers/cpuidle/cpuidle.o
  LD      sound/pci/trident/built-in.o
  CC      lib/decompress_inflate.o
  LD      sound/pci/vx222/built-in.o
  LD      sound/pci/ymfpci/built-in.o
  LD      sound/pci/built-in.o
  CC      net/bluetooth/hidp/core.o
  LD      sound/pcmcia/pdaudiocf/built-in.o
  LD      sound/ppc/built-in.o
  CC      lib/dump_stack.o
  LD      sound/sh/built-in.o
  LD      sound/pcmcia/vx/built-in.o
  CC      sound/soc/soc-core.o
  LD      sound/pcmcia/built-in.o
  CC      lib/extable.o
  LD      sound/sparc/built-in.o
  CC      drivers/cpuidle/driver.o
  LD      sound/spi/built-in.o
  LD      sound/synth/built-in.o
  CC      sound/usb/card.o
  CC      lib/idr.o
  CC      drivers/cpuidle/governor.o
  CC      drivers/cpuidle/sysfs.o
  CC      drivers/cpuidle/governors/ladder.o
  CC      drivers/cpuidle/governors/menu.o
  CC      sound/last.o
  CC      lib/int_sqrt.o
  CC      lib/ioremap.o
  CC      sound/usb/clock.o
  LD      sound/soundcore.o
  CC      net/bluetooth/hidp/sock.o
  LD      drivers/cpuidle/governors/built-in.o
  LD      drivers/cpuidle/built-in.o
  LD      drivers/crypto/built-in.o
  CC      drivers/devfreq/devfreq.o
  CC      drivers/dma/dmaengine.o
  CC      lib/irq_regs.o
  CC      fs/cifs/cifs_debug.o
  CC      lib/is_single_threaded.o
  CC      sound/usb/endpoint.o
  LD      net/bluetooth/hidp/hidp.o
  LD      net/bluetooth/hidp/built-in.o
  CC      fs/cifs/connect.o
  CC      lib/klist.o
  CC      drivers/devfreq/governor_simpleondemand.o
  CC      fs/cifs/dir.o
  CC      drivers/devfreq/governor_simpleusage.o
  CC      lib/kobject.o
  CC      drivers/dma/pl330.o
  CC      sound/usb/format.o
  CC      drivers/devfreq/exynos_ppmu.o
  CC      drivers/devfreq/exynos5420_bus_mif.o
  CC      lib/kobject_uevent.o
  CC      fs/cifs/file.o
  CC      sound/soc/soc-dapm.o
  CC      sound/usb/helper.o
  CC      kernel/sched/clock.o
  LD      net/bluetooth/bluetooth.o
  LD      net/bluetooth/built-in.o
  CC      net/core/sock.o
  CC      kernel/sched/idle_task.o
  CC      sound/usb/mixer.o
  CC      drivers/devfreq/exynos5420_bus_int.o
  CC      lib/md5.o
  CC      kernel/sched/fair.o
  CC      lib/plist.o
  LD      drivers/dma/built-in.o
  CC      drivers/fingerprint/fingerprint_sysfs.o
  CC      drivers/devfreq/noc_probe.o
  CC      drivers/fingerprint/vfs61xx.o
  CC      lib/prio_heap.o
  CC      fs/cifs/inode.o
  CC      drivers/devfreq/exynos5420_ppmu.o
  CC      lib/prio_tree.o
  LD      drivers/devfreq/built-in.o
  CC      kernel/sched/rt.o
  CC      net/core/request_sock.o
  CC      sound/usb/mixer_quirks.o
  LD      drivers/fingerprint/built-in.o
  CC      sound/soc/soc-jack.o
  LD      drivers/firewire/built-in.o
  CC      lib/proportions.o
  LD      drivers/firmware/built-in.o
  CC      drivers/gpio/gpiolib.o
  CC      fs/cifs/link.o
  CC      lib/radix-tree.o
  CC      net/core/skbuff.o
  CC      sound/usb/pcm.o
  CC      sound/soc/soc-cache.o
  CC      fs/cifs/misc.o
  CC      kernel/sched/stop_task.o
  CC      fs/cifs/netmisc.o
  CC      kernel/sched/sched_avg.o
  CC      sound/soc/soc-utils.o
  CC      kernel/sched/cpupri.o
  CC      lib/ratelimit.o
  CC      sound/usb/proc.o
  CC      lib/rbtree.o
  CC      kernel/sched/stats.o
  CC      kernel/sched/debug.o
  CC      sound/soc/soc-pcm.o
  CC      fs/cifs/smbencrypt.o
  CC      drivers/gpio/devres.o
  CC      sound/usb/quirks.o
  CC      lib/reciprocal_div.o
  CC      fs/cifs/transport.o
  CC      drivers/gpio/secgpio_dvs.o
  CC      lib/rwsem-spinlock.o
  CC      fs/cifs/asn1.o
  CC      lib/sha1.o
  CC      sound/soc/soc-io.o
  CC      sound/usb/stream.o
  CC      fs/cifs/cifs_unicode.o
  CC      drivers/gpio/gpio-arizona.o
  CC      drivers/gpio/gpio-samsung.o
  LD      sound/soc/atmel/built-in.o
  CC      fs/cifs/nterr.o
  LD      sound/soc/au1x/built-in.o
  LD      sound/soc/blackfin/built-in.o
  CC      fs/cifs/xattr.o
  CC      sound/soc/codecs/arizona.o
  CC      sound/usb/midi.o
  CC      sound/soc/codecs/wm_adsp.o
  CC      net/core/iovec.o
  CC      lib/show_mem.o
  CC      fs/cifs/cifsencrypt.o
  CC      fs/cifs/readdir.o
  CC      lib/string.o
  LD      drivers/gpio/built-in.o
  LD      kernel/sched/built-in.o
  CC      kernel/time/timekeeping.o
  CC      drivers/gpu/arm/t6xx/kbase/src/platform/5420/mali_kbase_config_5420.o
  CC      net/core/datagram.o
  CC      drivers/gpu/arm/t6xx/kbase/src/platform/5420/mali_kbase_platform.o
  CC      lib/timerqueue.o
  CC      sound/soc/codecs/wm5102.o
  CC      fs/cifs/ioctl.o
  CC      fs/cifs/export.o
  CC      fs/cifs/sess.o
  CC      lib/vsprintf.o
  LD      sound/usb/6fire/built-in.o
  LD      sound/usb/caiaq/built-in.o
  CC      net/core/stream.o
  CC      kernel/time/ntp.o
  LD      sound/usb/misc/built-in.o
  LD      sound/usb/usx2y/built-in.o
  LD      sound/usb/snd-usb-audio.o
  LD      sound/usb/snd-usbmidi-lib.o
  CC      drivers/gpu/arm/t6xx/kbase/src/common/mali_kbase_device.o
  LD      sound/usb/built-in.o
  CC      kernel/time/clocksource.o
  CC      drivers/gpu/arm/t6xx/kbase/src/common/mali_kbase_cache_policy.o
  CC      drivers/gpu/arm/t6xx/kbase/src/platform/5420/mali_kbase_dvfs.o
  CC      kernel/time/jiffies.o
  CC      net/core/scm.o
  CC      net/core/gen_stats.o
  CC      drivers/gpu/arm/t6xx/kbase/src/common/mali_kbase_mem.o
  CC      drivers/gpu/arm/t6xx/kbase/src/common/mali_kbase_mmu.o
  CC      kernel/time/timer_list.o
  LD      fs/cifs/cifs.o
  LD      fs/cifs/built-in.o
  LD      sound/soc/codecs/snd-soc-arizona.o
  LD      sound/soc/codecs/snd-soc-wm5102.o
  CC      fs/cramfs/inode.o
  LD      sound/soc/codecs/snd-soc-wm-adsp.o
  CC      net/core/gen_estimator.o
  LD      sound/soc/codecs/built-in.o
  LD      sound/soc/davinci/built-in.o
  LD      sound/soc/ep93xx/built-in.o
  LD      sound/soc/fsl/built-in.o
  CC      drivers/gpu/arm/t6xx/kbase/src/common/mali_kbase_jd.o
  LD      sound/soc/imx/built-in.o
  LD      sound/soc/jz4740/built-in.o
  LD      sound/soc/kirkwood/built-in.o
  LD      sound/soc/mid-x86/built-in.o
  LD      drivers/gpu/arm/t6xx/kbase/src/platform/5420/built-in.o
  LD      drivers/gpu/arm/t6xx/kbase/src/platform/built-in.o
  CC      drivers/gpu/arm/t6xx/kbase/src/common/mali_kbase_jm.o
  LD      sound/soc/mxs/built-in.o
  CC      kernel/time/timecompare.o
  LD      sound/soc/nuc900/built-in.o
  LD      sound/soc/omap/built-in.o
  LD      sound/soc/pxa/built-in.o
  GEN     lib/crc32table.h
  AR      lib/lib.a
  LD      sound/soc/s6000/built-in.o
  CC      sound/soc/samsung/adonisuniv_wm5102.o
  CC      net/core/net_namespace.o
  CC      lib/crc32.o
  CC      fs/cramfs/uncompress.o
  CC      kernel/time/timeconv.o
  CC      kernel/time/posix-clock.o
  LD      fs/cramfs/cramfs.o
  CC      drivers/gpu/arm/t6xx/kbase/src/common/mali_kbase_cpuprops.o
  LD      fs/cramfs/built-in.o
  CC      fs/debugfs/inode.o
  CC      kernel/time/alarmtimer.o
  LD      lib/built-in.o
  CC      drivers/gpu/arm/t6xx/kbase/src/common/mali_kbase_gpuprops.o
  CC      drivers/gpu/arm/t6xx/kbase/src/common/mali_kbase_js.o
  CC      drivers/gpu/arm/t6xx/kbase/src/common/mali_kbase_js_affinity.o
  CC      net/core/secure_seq.o
  CC      drivers/gpu/arm/t6xx/kbase/src/common/mali_kbase_js_ctx_attr.o
  CC      sound/soc/samsung/i2s.o
  CC      kernel/time/clockevents.o
  CC      net/core/flow_dissector.o
  CC      drivers/gpu/arm/t6xx/kbase/src/common/mali_kbase_pm.o
  CC      kernel/time/tick-common.o
  CC      fs/debugfs/file.o
  CC      drivers/gpu/arm/t6xx/kbase/src/common/mali_kbase_event.o
  CC      drivers/gpu/arm/t6xx/kbase/src/common/mali_kbase_context.o
  CC      kernel/time/tick-broadcast.o
  CC      drivers/gpu/arm/t6xx/kbase/src/common/mali_kbase_pm_driver.o
  CC      net/core/sysctl_net_core.o
  CC      drivers/gpu/arm/t6xx/kbase/src/common/mali_kbase_pm_metrics.o
  CC      drivers/gpu/arm/t6xx/kbase/src/common/mali_kbase_pm_ca.o
  CC      drivers/gpu/arm/t6xx/kbase/src/common/mali_kbase_pm_ca_fixed.o
  CC      drivers/gpu/arm/t6xx/kbase/src/common/mali_kbase_pm_always_on.o
  LD      fs/debugfs/debugfs.o
  LD      fs/debugfs/built-in.o
  CC      fs/devpts/inode.o
  CC      drivers/gpu/arm/t6xx/kbase/src/common/mali_kbase_pm_coarse_demand.o
  CC      drivers/gpu/arm/t6xx/kbase/src/common/mali_kbase_pm_demand.o
  CC      drivers/gpu/arm/t6xx/kbase/src/common/mali_kbase_pm_policy.o
  CC      kernel/time/tick-oneshot.o
  CC      drivers/gpu/arm/t6xx/kbase/src/common/mali_kbase_config.o
  CC      net/core/dev.o
  CC      drivers/gud/MobiCoreDriver/logging.o
  CC      kernel/time/tick-sched.o
  CC      kernel/time/timer_stats.o
  CC      sound/soc/samsung/idma.o
  LD      fs/devpts/devpts.o
  LD      fs/devpts/built-in.o
  CC      drivers/hid/hid-lg.o
  CC      fs/ecryptfs/dentry.o
  LD      drivers/hsi/clients/built-in.o
  CC      drivers/gpu/arm/t6xx/kbase/src/common/mali_kbase_security.o
  CC      drivers/gud/MobiCoreDriver/ops.o
  LD      drivers/hsi/built-in.o
  CC      kernel/freezer.o
  CC      kernel/trace/trace_clock.o
  CC      fs/ecryptfs/file.o
  CC      drivers/gpu/arm/t6xx/kbase/src/common/mali_kbase_instr.o
  LD      kernel/time/built-in.o
  CC      drivers/gud/MobiCoreDriver/mem.o
  CC      fs/ecryptfs/inode.o
  CC      kernel/trace/ring_buffer.o
  CC      sound/soc/samsung/dma.o
  CC      drivers/hid/hid-debug.o
  CC      kernel/stacktrace.o
  CC      fs/ecryptfs/main.o
  CC      kernel/futex.o
  CC      drivers/gpu/arm/t6xx/kbase/src/common/mali_kbase_softjobs.o
  LD      sound/soc/samsung/snd-soc-s3c24xx.o
  LD      sound/soc/samsung/snd-soc-i2s.o
  CC      drivers/gud/MobiCoreDriver/api.o
  LD      sound/soc/samsung/snd-soc-idma.o
  LD      sound/soc/samsung/snd-soc-adonisuniv-wm5102.o
  LD      sound/soc/samsung/built-in.o
  CC      drivers/hid/hid-core.o
  LD      sound/soc/sh/built-in.o
  LD      sound/soc/tegra/built-in.o
  CC      drivers/gud/MobiCoreDriver/pm.o
  LD      sound/soc/txx9/built-in.o
  LD      sound/soc/snd-soc-core.o
  CC      fs/ecryptfs/super.o
  CC      fs/ecryptfs/mmap.o
  LD      sound/soc/built-in.o
  LD      sound/built-in.o
  CC      drivers/gud/MobiCoreDriver/main.o
  CC      drivers/gpu/arm/t6xx/kbase/src/common/mali_kbase_8401_workaround.o
  CC      drivers/gpu/arm/t6xx/kbase/src/common/mali_kbase_10969_workaround.o
  CC      fs/ecryptfs/read_write.o
  CC      drivers/gpu/arm/t6xx/kbase/src/common/mali_kbase_hw.o
  CC      drivers/gpu/arm/t6xx/kbase/src/common/mali_kbase_utility.o
  CC      fs/ecryptfs/crypto.o
  CC      fs/ecryptfs/keystore.o
  CC      drivers/gpu/arm/t6xx/kbase/src/common/mali_kbase_mem_lowlevel.o
  CC      kernel/rtmutex.o
  CC      drivers/gpu/arm/t6xx/kbase/src/common/mali_kbase_debug.o
  CC      kernel/trace/trace.o
  LD      drivers/gpu/drm/i2c/built-in.o
  CC      drivers/gpu/arm/t6xx/kbase/src/common/mali_kbase_trace_timeline.o
  LD      drivers/gpu/drm/built-in.o
  CC      drivers/gud/MobiCoreKernelApi/main.o
  CC      drivers/gpu/ion/ion.o
  CC      drivers/hid/hid-input.o
  CC      kernel/rtmutex-debug.o
  CC      drivers/gpu/arm/t6xx/kbase/src/linux/mali_kbase_mem_linux.o
  CC      drivers/gud/MobiCoreKernelApi/clientlib.o
  CC      kernel/smp.o
  CC      fs/ecryptfs/messaging.o
  CC      drivers/gpu/arm/t6xx/kbase/src/linux/mali_kbase_core_linux.o
  CC      drivers/gud/MobiCoreKernelApi/device.o
  CC      fs/ecryptfs/miscdev.o
  CC      net/core/ethtool.o
  CC      fs/ecryptfs/kthread.o
  CC      drivers/gud/MobiCoreKernelApi/session.o
  CC      kernel/spinlock.o
  CC      drivers/gud/MobiCoreKernelApi/connection.o
  CC      drivers/gpu/ion/ion_heap.o
  CC      fs/ecryptfs/debug.o
  CC      drivers/gpu/ion/ion_page_pool.o
  CC      kernel/uid16.o
  LD      fs/ecryptfs/ecryptfs.o
  LD      fs/ecryptfs/built-in.o
  CC      fs/exfat/exfat.o
  LD      drivers/gud/mcKernelApi.o
  LD      drivers/gud/mcDrvModule.o
  LD      drivers/gud/built-in.o
  CC      kernel/kallsyms.o
  CC      drivers/gpu/arm/t6xx/kbase/src/linux/mali_kbase_config_linux.o
  CC      drivers/gpu/ion/ion_system_heap.o
  CC      drivers/hid/hidraw.o
  CC      drivers/gpu/arm/t6xx/kbase/src/linux/mali_kbase_sync.o
  CC      drivers/hid/uhid.o
  CC      kernel/cgroup.o
  CC      drivers/gpu/arm/t6xx/kbase/src/linux/mali_kbase_sync_user.o
  CC      kernel/cgroup_freezer.o
  CC      drivers/gpu/arm/t6xx/kbase/src/common/mali_kbase_js_policy_cfs.o
  CC      drivers/gpu/arm/t6xx/kbase/src/common/mali_kbase_mem_alloc.o
  CC      drivers/gpu/ion/ion_carveout_heap.o
  CC      net/core/dev_addr_lists.o
  CC      drivers/hid/hid-a4tech.o
  GZIP    kernel/config_data.gz
  CC      kernel/res_counter.o
  CC      kernel/trace/trace_output.o
  CC      drivers/gpu/arm/t6xx/kbase/src/common/mali_kbase_pm_metrics_dummy.o
  CC      drivers/gpu/ion/ion_chunk_heap.o
  CC      drivers/hid/hid-axff.o
  CC      kernel/stop_machine.o
  CC      kernel/audit.o
  CC      net/core/dst.o
  LD      drivers/gpu/arm/t6xx/kbase/src/mali_kbase.o
  LD      drivers/gpu/arm/t6xx/kbase/src/built-in.o
  LD      drivers/gpu/arm/t6xx/kbase/built-in.o
  CC      drivers/hid/hid-apple.o
  LD      drivers/gpu/arm/t6xx/built-in.o
  LD      drivers/gpu/arm/built-in.o
  CC      drivers/gpu/ion/exynos/exynos_ion.o
  CC      drivers/hid/hid-belkin.o
  CC      drivers/hid/hid-cherry.o
  CC      kernel/auditfilter.o
  CC      drivers/hid/hid-chicony.o
  CC      net/core/netevent.o
  CC      net/core/neighbour.o
  CC      kernel/trace/trace_stat.o
  CC      drivers/hid/hid-cypress.o
  CC      net/core/rtnetlink.o
  CC      kernel/trace/trace_printk.o
  CC      drivers/hid/hid-dr.o
  LD      drivers/gpu/ion/exynos/built-in.o
  LD      drivers/gpu/ion/built-in.o
  CC      kernel/auditsc.o
  LD      drivers/gpu/pvr/built-in.o
  LD      drivers/gpu/stub/built-in.o
  CC      kernel/trace/trace_sched_switch.o
  CC      drivers/hid/hid-emsff.o
  LD      drivers/gpu/vga/built-in.o
  LD      drivers/gpu/built-in.o
  CC      drivers/hwmon/hwmon.o
  CC      drivers/hid/hid-elecom.o
  CC      kernel/audit_watch.o
  CC      kernel/trace/trace_sched_wakeup.o
  CC      kernel/audit_tree.o
  LD      drivers/hwmon/built-in.o
  CC      drivers/hid/hid-ezkey.o
  CC      drivers/i2c/i2c-boardinfo.o
  CC      fs/exfat/exfat_api.o
  CC      drivers/hid/hid-gyration.o
  CC      drivers/i2c/i2c-core.o
  CC      kernel/trace/trace_nop.o
  CC      kernel/hung_task.o
  CC      net/core/utils.o
  CC      drivers/hid/hid-kensington.o
  CC      kernel/trace/blktrace.o
  CC      fs/exfat/exfat_blkdev.o
  CC      kernel/watchdog.o
  CC      drivers/hid/hid-keytouch.o
  CC      kernel/rcutree.o
  CC      net/core/link_watch.o
  CC      net/core/filter.o
  CC      drivers/hid/hid-kye.o
  CC      fs/exfat/exfat_cache.o
  CC      kernel/relay.o
  CC      kernel/utsname_sysctl.o
  CC      drivers/hid/hid-lcpower.o
  CC      kernel/tracepoint.o
  CC      drivers/i2c/i2c-dev.o
  CC      net/core/sock_diag.o
  CC      fs/exfat/exfat_data.o
  LD      drivers/hid/hid-logitech.o
  CC      drivers/hid/hid-logitech-dj.o
  CC      net/core/flow.o
  CC      kernel/trace/trace_events.o
  CC      fs/exfat/exfat_global.o
  CC      net/core/net-sysfs.o
  CC      kernel/elfcore.o
  CC      drivers/i2c/algos/i2c-algo-bit.o
  CC      fs/exfat/exfat_nls.o
  CC      drivers/i2c/busses/i2c-gpio.o
  CC      kernel/cpu_pm.o
  CC      net/core/fib_rules.o
  CC      drivers/hid/hid-magicmouse.o
  CC      kernel/time.o
  CHK     kernel/config_data.h
  UPD     kernel/config_data.h
  CC      kernel/configs.o
  LD      drivers/i2c/algos/built-in.o
  LD      drivers/i2c/muxes/built-in.o
  CC      fs/exfat/exfat_oal.o
  CC      drivers/i2c/busses/i2c-s3c2410.o
  CC      fs/exfat/exfat_upcase.o
  CC      net/core/net-traces.o
  CC      kernel/trace/trace_export.o
  CC      fs/exfat/exfat_super.o
  CC      kernel/trace/trace_events_filter.o
  CC      drivers/hid/hid-microsoft.o
  CC      drivers/hid/hid-monterey.o
  CC      drivers/hid/hid-multitouch.o
  CC      kernel/trace/power-traces.o
  CC      drivers/hid/hid-ntrig.o
  CC      drivers/hid/hid-ortek.o
  CC      drivers/i2c/busses/i2c-exynos5.o
  CC      drivers/hid/hid-prodikeys.o
  CC      drivers/hid/hid-pl.o
  LD      net/core/built-in.o
  CC      net/ethernet/eth.o
  CC      drivers/hid/hid-petalynx.o
  CC      drivers/hid/hid-picolcd.o
  CC      kernel/trace/rpm-traces.o
  CC      drivers/hid/hid-roccat.o
  CC      drivers/hid/hid-roccat-common.o
  LD      drivers/i2c/busses/built-in.o
  CC      drivers/hid/hid-roccat-arvo.o
  LD      drivers/i2c/built-in.o
  CC      drivers/ice4_fpga/ice4_fpga.o
  LD      drivers/idle/built-in.o
  LD      net/ethernet/built-in.o
  CC      net/ipv4/route.o
  LD      drivers/ieee802154/built-in.o
  CC      drivers/input/input.o
  LD      kernel/trace/built-in.o
  LD      kernel/built-in.o
  CC      drivers/hid/hid-roccat-isku.o
  CC      drivers/hid/hid-roccat-kone.o
  LD      fs/exfat/exfat_core.o
  LD      fs/exfat/exfat_fs.o
  LD      fs/exfat/built-in.o
  LD      fs/exofs/built-in.o
  CC      fs/ext4/balloc.o
  CC      fs/ext2/balloc.o
  CC      drivers/hid/hid-roccat-koneplus.o
  CC      drivers/hid/hid-roccat-kovaplus.o
  LD      drivers/ice4_fpga/built-in.o
  CC      drivers/hid/hid-roccat-pyra.o
  CC      drivers/input/serio/serio.o
  CC      drivers/hid/hid-samsung.o
  CC      drivers/hid/hid-sjoy.o
  CC      fs/ext2/dir.o
  CC      drivers/hid/hid-sony.o
  CC      fs/ext4/bitmap.o
  CC      drivers/hid/hid-sunplus.o
  CC      drivers/hid/hid-gaff.o
  CC      drivers/input/serio/serport.o
  CC      drivers/input/serio/libps2.o
  CC      drivers/input/input-compat.o
  CC      drivers/hid/hid-tmff.o
  CC      fs/ext4/dir.o
  CC      drivers/hid/hid-topseed.o
  CC      drivers/input/input-mt.o
  CC      drivers/hid/hid-twinhan.o
  CC      fs/ext2/file.o
  CC      drivers/hid/hid-uclogic.o
  CC      drivers/hid/hid-zagg.o
  CC      drivers/input/ff-core.o
  CC      drivers/hid/hid-zpff.o
  CC      net/ipv4/inetpeer.o
  CC      fs/ext2/ialloc.o
  LD      drivers/input/serio/built-in.o
  CC      drivers/iommu/iommu.o
  CC      drivers/hid/hid-zydacron.o
  CC      drivers/hid/hid-wacom.o
  CC      fs/ext4/file.o
  CC      drivers/hid/hid-waltop.o
  CC      drivers/input/ff-memless.o
  CC      drivers/iommu/exynos-iommu.o
  CC      drivers/hid/hid-synaptics-bt.o
  CC      drivers/hid/usbhid/hid-core.o
  CC      fs/ext2/inode.o
  CC      net/ipv4/protocol.o
  CC      net/ipv4/ip_input.o
  LD      drivers/hid/hid.o
  CC      fs/ext4/fsync.o
  CC      fs/ext4/ialloc.o
  CC      drivers/input/mousedev.o
  CC      drivers/input/evdev.o
  CC      net/ipv4/ip_fragment.o
  CC      fs/ext4/inode.o
  CC      net/ipv4/ip_forward.o
  CC      drivers/input/keyboard/atkbd.o
  CC      fs/ext2/ioctl.o
  CC      drivers/iommu/exynos-iovmm.o
  CC      drivers/hid/usbhid/hid-quirks.o
  CC      drivers/input/misc/gpio_event.o
  CC      net/ipv4/ip_options.o
  CC      net/ipv4/ip_output.o
  CC      fs/ext2/namei.o
  CC      fs/ext4/page-io.o
  LD      drivers/hid/usbhid/usbhid.o
  LD      drivers/hid/usbhid/built-in.o
  LD      drivers/hid/built-in.o
  CC      drivers/input/misc/gpio_matrix.o
  CC      drivers/input/misc/gpio_input.o
  LD      drivers/iommu/built-in.o
  CC      fs/ext2/super.o
  CC      net/ipv4/ip_sockglue.o
  CC      drivers/input/keyboard/gpio_keys.o
  CC      fs/ext4/ioctl.o
  CC      drivers/input/misc/gpio_output.o
  CC      net/ipv4/inet_hashtables.o
  CC      drivers/input/misc/gpio_axis.o
  CC      drivers/input/misc/keychord.o
  CC      drivers/input/misc/uinput.o
  CC      fs/ext4/namei.o
  CC      fs/ext2/symlink.o
  CC      drivers/input/keyboard/tc300k.o
  CC      net/ipv4/inet_timewait_sock.o
  CC      fs/ext2/xattr.o
  CC      drivers/input/misc/input_booster.o
  CC      net/ipv4/inet_connection_sock.o
  CC      net/ipv4/tcp.o
  CC      net/ipv4/tcp_input.o
  CC      net/ipv4/tcp_output.o
  CC      fs/ext2/xattr_user.o
  CC      fs/ext4/super.o
  CC      fs/ext2/xattr_trusted.o
  CC      drivers/input/keyboard/cypress/cypress-touchkey.o
  CC      fs/ext2/xattr_security.o
  CC      drivers/input/keyboard/cypress/issp_driver_routines.o
  LD      drivers/input/misc/built-in.o
  LD      fs/ext2/ext2.o
  CC      drivers/input/mouse/psmouse-base.o
  LD      fs/ext2/built-in.o
  CC      fs/fat/cache.o
  CC      fs/ext4/symlink.o
  CC      drivers/input/keyboard/cypress/issp_main.o
  CC      fs/fat/dir.o
  CC      fs/ext4/hash.o
  CC      fs/ext4/resize.o
  CC      drivers/input/mouse/synaptics.o
  CC      drivers/input/keyboard/cypress/issp_routines.o
  CC      drivers/input/mouse/alps.o
  CC      net/ipv4/tcp_timer.o
  CC      net/ipv4/tcp_ipv4.o
  LD      drivers/input/keyboard/cypress/built-in.o
  LD      drivers/input/keyboard/built-in.o
  CC      drivers/input/touchscreen/synaptics_dsx/synaptics_i2c_rmi.o
  CC      drivers/input/mouse/logips2pp.o
  CC      fs/fat/fatent.o
  CC      net/ipv4/tcp_minisocks.o
  CC      drivers/input/mouse/trackpoint.o
  CC      drivers/input/touchscreen/synaptics_dsx/rmi_dev.o
  CC      fs/ext4/extents.o
  LD      drivers/input/mouse/psmouse.o
  LD      drivers/input/mouse/built-in.o
  CC      drivers/leds/led-core.o
  CC      fs/fat/file.o
  CC      drivers/leds/led-class.o
  CC      net/ipv4/tcp_cong.o
  CC      net/ipv4/datagram.o
  CC      drivers/input/touchscreen/synaptics_dsx/rmi_fw_update.o
  CC      drivers/leds/leds-max77803.o
  CC      fs/fat/inode.o
  CC      net/ipv4/raw.o
  CC      net/ipv4/udp.o
  CC      net/ipv4/udplite.o
  LD      drivers/leds/built-in.o
  LD      drivers/lguest/built-in.o
  LD      drivers/macintosh/built-in.o
  CC      drivers/md/dm-uevent.o
  CC      net/ipv4/arp.o
  CC      drivers/input/touchscreen/synaptics_dsx/rmi_f54.o
  CC      drivers/md/dm.o
  CC      net/ipv4/icmp.o
  CC      fs/fat/misc.o
  CC      net/ipv4/devinet.o
  CC      fs/fat/namei_msdos.o
  CC      net/ipv4/af_inet.o
  CC      net/ipv4/igmp.o
  CC      fs/fat/namei_vfat.o
  CC      net/ipv4/fib_frontend.o
  CC      fs/ext4/ext4_jbd2.o
  CC      drivers/md/dm-table.o
  CC      net/ipv4/fib_semantics.o
  CC      fs/ext4/migrate.o
  CC      fs/ext4/mballoc.o
  CC      net/ipv4/fib_trie.o
  LD      fs/fat/fat.o
  LD      fs/fat/vfat.o
  LD      fs/fat/msdos.o
  LD      fs/fat/built-in.o
  CC      fs/ext4/block_validity.o
  CC      fs/fuse/dev.o
  CC      net/ipv4/inet_fragment.o
  CC      drivers/md/dm-target.o
  CC      net/ipv4/ping.o
  CC      fs/ext4/move_extent.o
  CC      drivers/md/dm-linear.o
  CC      net/ipv4/sysctl_net_ipv4.o
  CC      drivers/md/dm-stripe.o
  CC      net/ipv4/sysfs_net_ipv4.o
  CC      net/ipv4/proc.o
  CC      net/ipv4/fib_rules.o
  CC      net/ipv4/ah4.o
  CC      drivers/md/dm-ioctl.o
  CC      net/ipv4/esp4.o
  CC      fs/ext4/mmp.o
  CC      fs/fuse/dir.o
  CC      net/ipv4/ipcomp.o
  CC      net/ipv4/xfrm4_tunnel.o
  CC      fs/ext4/indirect.o
  CC      net/ipv4/xfrm4_mode_beet.o
  CC      net/ipv4/tunnel4.o
  CC      net/ipv4/xfrm4_mode_transport.o
  CC      net/ipv4/xfrm4_mode_tunnel.o
  CC      net/ipv4/netfilter.o
  CC      drivers/md/dm-io.o
  LD      drivers/input/touchscreen/synaptics_dsx/built-in.o
  LD      drivers/input/touchscreen/built-in.o
  CC      net/ipv4/netfilter/nf_nat_rule.o
  CC      drivers/input/keyreset.o
  CC      net/ipv4/inet_diag.o
  CC      fs/fuse/file.o
  CC      net/ipv4/tcp_diag.o
  CC      net/ipv4/tcp_bic.o
  CC      net/ipv4/netfilter/nf_nat_standalone.o
  CC      drivers/md/dm-kcopyd.o
  LD      drivers/input/input-core.o
  LD      drivers/input/built-in.o
  CC      fs/ext4/xattr.o
  CC      drivers/media/media-device.o
  CC      net/ipv4/tcp_cubic.o
  CC      net/ipv4/tcp_westwood.o
  CC      fs/ext4/xattr_user.o
  CC      drivers/md/dm-sysfs.o
  CC      net/ipv4/netfilter/nf_conntrack_l3proto_ipv4_compat.o
  CC      drivers/media/media-devnode.o
  CC      fs/ext4/xattr_trusted.o
  CC      net/ipv4/tcp_highspeed.o
  CC      drivers/md/dm-builtin.o
  CC      net/ipv4/tcp_hybla.o
  CC      drivers/media/media-entity.o
  CC      net/ipv4/tcp_htcp.o
  CC      fs/ext4/xattr_security.o
  CC      drivers/md/dm-crypt.o
  CC      net/ipv4/netfilter/nf_conntrack_l3proto_ipv4.o
  CC      net/ipv4/tcp_vegas.o
  LD      drivers/media/radio/built-in.o
  LD      drivers/media/common/tuners/built-in.o
  LD      drivers/media/common/built-in.o
  CC      drivers/media/rc/keymaps/rc-adstech-dvb-t-pci.o
  CC      drivers/media/video/v4l2-dev.o
  CC      net/ipv4/tcp_veno.o
  CC      fs/fuse/inode.o
  LD      fs/ext4/ext4.o
  LD      fs/ext4/built-in.o
  CC      net/ipv4/tcp_scalable.o
  CC      fs/jbd2/transaction.o
  CC      drivers/media/rc/keymaps/rc-alink-dtu-m.o
  CC      net/ipv4/netfilter/nf_conntrack_proto_icmp.o
  CC      net/ipv4/tcp_lp.o
  CC      drivers/media/rc/keymaps/rc-anysee.o
  CC      net/ipv4/tcp_yeah.o
  CC      net/ipv4/tcp_illinois.o
  CC      drivers/media/video/v4l2-ioctl.o
  CC      drivers/media/rc/keymaps/rc-apac-viewcomp.o
  CC      drivers/media/rc/keymaps/rc-asus-pc39.o
  CC      net/ipv4/xfrm4_policy.o
  CC      net/ipv4/netfilter/nf_nat_core.o
  CC      net/ipv4/xfrm4_state.o
  CC      fs/fuse/control.o
  CC      drivers/media/rc/keymaps/rc-ati-tv-wonder-hd-600.o
  CC      net/ipv4/xfrm4_input.o
  LD      drivers/md/dm-mod.o
  LD      drivers/md/built-in.o
  CC      drivers/mfd/arizona-core.o
  CC      drivers/media/rc/keymaps/rc-ati-x10.o
  CC      net/ipv4/xfrm4_output.o
  CC      fs/jbd2/commit.o
  CC      drivers/media/rc/keymaps/rc-avermedia-a16d.o
  CC      drivers/media/rc/keymaps/rc-avermedia.o
  LD      fs/fuse/fuse.o
  LD      fs/fuse/built-in.o
  CC      drivers/media/rc/keymaps/rc-avermedia-cardbus.o
  CC      drivers/media/rc/keymaps/rc-avermedia-dvbt.o
  CC      drivers/media/rc/keymaps/rc-avermedia-m135a.o
  CC      drivers/media/rc/keymaps/rc-avermedia-m733a-rm-k6.o
  CC      net/ipv4/netfilter/nf_nat_helper.o
  CC      net/ipv4/netfilter/nf_nat_proto_unknown.o
  CC      drivers/media/rc/keymaps/rc-avermedia-rm-ks.o
  CC      drivers/media/rc/keymaps/rc-avertv-303.o
  CC      fs/jbd2/recovery.o
  CC      drivers/media/rc/keymaps/rc-azurewave-ad-tu700.o
  CC      drivers/mfd/arizona-irq.o
  CC      drivers/media/rc/keymaps/rc-behold.o
  CC      drivers/media/rc/keymaps/rc-behold-columbus.o
  CC      drivers/media/rc/keymaps/rc-budget-ci-old.o
  CC      net/ipv4/netfilter/nf_nat_proto_common.o
  CC      drivers/media/rc/rc-main.o
  CC      drivers/media/rc/ir-raw.o
  CC      drivers/media/rc/keymaps/rc-cinergy-1400.o
  CC      drivers/mfd/arizona-spi.o
  CC      fs/jbd2/checkpoint.o
  CC      drivers/media/rc/keymaps/rc-cinergy.o
  CC      fs/jbd2/revoke.o
  CC      net/ipv4/netfilter/nf_nat_proto_tcp.o
  CC      net/ipv4/netfilter/nf_nat_proto_udp.o
  CC      drivers/media/rc/keymaps/rc-dib0700-nec.o
  CC      drivers/mfd/wm5102-tables.o
  CC      drivers/media/rc/lirc_dev.o
  CC      drivers/media/rc/keymaps/rc-dib0700-rc5.o
  CC      drivers/media/rc/keymaps/rc-digitalnow-tinytwin.o
  CC      drivers/media/video/v4l2-device.o
  CC      net/ipv4/netfilter/nf_nat_proto_icmp.o
  CC      fs/jbd2/journal.o
  CC      fs/nls/nls_base.o
  CC      drivers/media/rc/keymaps/rc-digittrade.o
  CC      drivers/media/rc/keymaps/rc-dm1105-nec.o
  CC      drivers/mfd/wm5110-tables.o
  CC      drivers/media/rc/ir-nec-decoder.o
  CC      drivers/media/rc/keymaps/rc-dntv-live-dvb-t.o
  CC      drivers/media/rc/keymaps/rc-dntv-live-dvbt-pro.o
  CC      fs/nls/nls_cp437.o
  CC      net/ipv4/netfilter/nf_defrag_ipv4.o
  CC      drivers/media/video/v4l2-fh.o
  CC      drivers/media/rc/keymaps/rc-em-terratec.o
  CC      drivers/media/rc/ir-rc5-decoder.o
  CC      drivers/mfd/mfd-core.o
  CC      drivers/media/rc/keymaps/rc-encore-enltv2.o
  CC      fs/nls/nls_ascii.o
  CC      drivers/media/rc/keymaps/rc-encore-enltv.o
  CC      drivers/media/rc/ir-rc6-decoder.o
  CC      fs/nls/nls_iso8859-1.o
  CC      drivers/media/rc/keymaps/rc-encore-enltv-fm53.o
  CC      drivers/media/video/v4l2-event.o
  CC      drivers/media/rc/keymaps/rc-evga-indtube.o
  CC      drivers/media/rc/ir-jvc-decoder.o
  CC      drivers/mfd/max77802.o
  CC      net/ipv4/netfilter/nf_nat_amanda.o
  CC      drivers/mfd/max77802-irq.o
  CC      fs/nls/nls_utf8.o
  CC      drivers/media/rc/keymaps/rc-eztv.o
  CC      drivers/media/rc/ir-sony-decoder.o
  CC      drivers/media/rc/ir-rc5-sz-decoder.o
  LD      fs/nls/built-in.o
  CC      fs/notify/fsnotify.o
  CC      drivers/mfd/max77888.o
  CC      drivers/media/rc/keymaps/rc-flydvb.o
  CC      drivers/media/video/v4l2-ctrls.o
  CC      drivers/media/rc/keymaps/rc-flyvideo.o
  CC      net/ipv4/netfilter/nf_nat_ftp.o
  CC      drivers/media/rc/ir-sanyo-decoder.o
  CC      drivers/media/rc/ir-mce_kbd-decoder.o
  CC      drivers/media/rc/keymaps/rc-fusionhdtv-mce.o
  CC      drivers/media/rc/keymaps/rc-gadmei-rm008z.o
  CC      fs/notify/notification.o
  CC      drivers/media/rc/keymaps/rc-genius-tvgo-a11mce.o
  CC      drivers/mfd/max77888-irq.o
  CC      drivers/media/rc/ir-lirc-codec.o
  CC      drivers/media/rc/keymaps/rc-gotview7135.o
  CC      net/ipv4/netfilter/nf_nat_h323.o
  LD      drivers/media/rc/rc-core.o
  CC      drivers/media/rc/keymaps/rc-imon-mce.o
  CC      drivers/media/rc/keymaps/rc-imon-pad.o
  CC      drivers/media/rc/keymaps/rc-iodata-bctv7e.o
  CC      fs/notify/group.o
  CC      drivers/media/rc/keymaps/rc-it913x-v1.o
  CC      drivers/media/rc/keymaps/rc-kaiomy.o
  CC      drivers/media/rc/keymaps/rc-it913x-v2.o
  CC      drivers/mfd/sec-core.o
  LD      fs/jbd2/jbd2.o
  CC      drivers/mfd/sec-irq.o
  LD      fs/jbd2/built-in.o
  CC      fs/ntfs/aops.o
  CC      drivers/media/rc/keymaps/rc-kworld-315u.o
  CC      drivers/misc/uid_stat.o
  CC      drivers/mmc/card/block.o
  CC      fs/notify/inode_mark.o
  CC      drivers/media/rc/keymaps/rc-kworld-pc150u.o
  LD      drivers/misc/carma/built-in.o
  LD      drivers/mfd/built-in.o
  CC      drivers/motor/max77803_haptic.o
  LD      drivers/misc/cb710/built-in.o
  LD      drivers/misc/eeprom/built-in.o
  LD      drivers/misc/lis3lv02d/built-in.o
  LD      drivers/misc/ti-st/built-in.o
  CC      drivers/misc/max77888-muic.o
  CC      drivers/misc/tzic.o
  CC      net/ipv4/netfilter/nf_nat_irc.o
  CC      drivers/media/rc/keymaps/rc-kworld-plus-tv-analog.o
  CC      fs/notify/mark.o
  CC      drivers/media/video/v4l2-subdev.o
  CC      drivers/media/rc/keymaps/rc-leadtek-y04g0051.o
  CC      drivers/media/rc/keymaps/rc-lirc.o
  CC      net/ipv4/netfilter/nf_nat_pptp.o
  CC      drivers/motor/tspdrv.o
  CC      drivers/media/rc/keymaps/rc-lme2510.o
  CC      fs/notify/vfsmount_mark.o
  CC      drivers/media/rc/keymaps/rc-manli.o
  CC      drivers/media/rc/keymaps/rc-medion-x10.o
  CC      drivers/media/video/v4l2-int-device.o
  CC      drivers/media/rc/keymaps/rc-msi-digivox-ii.o
  CC      drivers/media/rc/keymaps/rc-msi-digivox-iii.o
  LD      fs/notify/dnotify/built-in.o
  LD      drivers/motor/vibrator.o
  LD      fs/notify/fanotify/built-in.o
  LD      drivers/motor/built-in.o
  CC      drivers/net/mii.o
  CC      fs/notify/inotify/inotify_fsnotify.o
  CC      net/ipv4/netfilter/nf_nat_tftp.o
  CC      drivers/media/rc/keymaps/rc-msi-tvanywhere.o
  CC      drivers/media/video/v4l2-common.o
  CC      fs/ntfs/attrib.o
  CC      drivers/media/rc/keymaps/rc-msi-tvanywhere-plus.o
  CC      drivers/media/rc/keymaps/rc-nebula.o
  CC      fs/notify/inotify/inotify_user.o
  CC      drivers/media/rc/keymaps/rc-nec-terratec-cinergy-xs.o
  CC      drivers/media/rc/keymaps/rc-norwood.o
  CC      net/ipv4/netfilter/nf_nat_proto_dccp.o
  LD      drivers/misc/built-in.o
  LD      drivers/nfc/built-in.o
  CC      drivers/mmc/card/queue.o
  CC      drivers/media/rc/keymaps/rc-npgtech.o
  LD      drivers/pinctrl/built-in.o
  CC      drivers/net/Space.o
  LD      drivers/platform/built-in.o
  CC      drivers/media/rc/keymaps/rc-pctv-sedna.o
  CC      drivers/power/power_supply_core.o
  CC      drivers/media/video/videobuf2-core.o
  CC      drivers/media/rc/keymaps/rc-pinnacle-color.o
  CC      drivers/media/rc/keymaps/rc-pinnacle-grey.o
  CC      drivers/net/loopback.o
  LD      fs/notify/inotify/built-in.o
  LD      fs/notify/built-in.o
  CC      net/ipv4/netfilter/nf_nat_proto_gre.o
  CC      fs/proc/mmu.o
  CC      drivers/power/power_supply_sysfs.o
  CC      drivers/regulator/core.o
  CC      drivers/media/rc/keymaps/rc-pinnacle-pctv-hd.o
  CC      fs/proc/task_mmu.o
  LD      drivers/mmc/card/mmc_block.o
  LD      drivers/mmc/card/built-in.o
  CC      drivers/mmc/core/core.o
  CC      drivers/media/rc/keymaps/rc-pixelview.o
  LD      drivers/power/power_supply.o
  LD      drivers/power/built-in.o
  CC      net/ipv4/netfilter/nf_nat_proto_udplite.o
  CC      drivers/net/tun.o
  CC      drivers/rtc/rtc-lib.o
  CC      drivers/media/rc/keymaps/rc-pixelview-mk12.o
  CC      fs/ntfs/collate.o
  CC      drivers/rtc/hctosys.o
  CC      drivers/media/rc/keymaps/rc-pixelview-002t.o
  CC      net/ipv4/netfilter/nf_nat_proto_sctp.o
  CC      drivers/rtc/class.o
  CC      drivers/media/rc/keymaps/rc-pixelview-new.o
  CC      fs/ntfs/compress.o
  CC      fs/proc/inode.o
  CC      drivers/media/rc/keymaps/rc-powercolor-real-angel.o
  CC      drivers/rtc/interface.o
  CC      drivers/media/rc/keymaps/rc-proteus-2309.o
  CC      net/ipv4/netfilter/ip_tables.o
  CC      drivers/media/video/videobuf2-memops.o
  CC      drivers/media/rc/keymaps/rc-purpletv.o
  CC      fs/proc/root.o
  CC      drivers/media/rc/keymaps/rc-pv951.o
  CC      drivers/media/video/videobuf2-dma-contig.o
  CC      drivers/media/rc/keymaps/rc-hauppauge.o
  LD      drivers/net/ethernet/8390/built-in.o
  CC      fs/proc/base.o
  LD      drivers/net/ethernet/broadcom/built-in.o
  CC      drivers/rtc/rtc-dev.o
  CC      fs/ntfs/debug.o
  LD      drivers/net/ethernet/chelsio/built-in.o
  CC      drivers/media/rc/keymaps/rc-rc6-mce.o
  LD      drivers/net/ethernet/cirrus/built-in.o
  CC      drivers/media/video/videobuf2-ion.o
  LD      drivers/net/ethernet/faraday/built-in.o
  LD      drivers/net/ethernet/i825xx/built-in.o
  CC      fs/ntfs/dir.o
  CC      drivers/mmc/core/bus.o
  LD      drivers/net/ethernet/intel/built-in.o
  CC      drivers/media/rc/keymaps/rc-real-audio-220-32-keys.o
  CC      drivers/regulator/dummy.o
  LD      drivers/net/ethernet/marvell/built-in.o
  LD      drivers/net/ethernet/micrel/built-in.o
  LD      drivers/net/ethernet/microchip/built-in.o
  LD      drivers/net/ethernet/natsemi/built-in.o
  CC      drivers/media/rc/keymaps/rc-snapstream-firefly.o
  LD      drivers/net/ethernet/seeq/built-in.o
  CC      drivers/regulator/fixed-helper.o
  LD      drivers/net/ethernet/smsc/built-in.o
  CC      drivers/rtc/rtc-proc.o
  LD      drivers/net/ethernet/stmicro/built-in.o
  CC      drivers/mmc/core/host.o
  LD      drivers/net/ethernet/built-in.o
  CC      drivers/media/rc/keymaps/rc-streamzap.o
  CC      net/ipv4/netfilter/iptable_filter.o
  CC      drivers/net/ppp/ppp_generic.o
  CC      drivers/regulator/fixed.o
  CC      drivers/rtc/rtc-sysfs.o
  CC      drivers/media/rc/keymaps/rc-tbs-nec.o
  CC      drivers/rtc/rtc-max77802.o
  CC      drivers/mmc/core/mmc.o
  CC      drivers/media/rc/keymaps/rc-technisat-usb2.o
  CC      net/ipv4/netfilter/iptable_mangle.o
  CC      drivers/regulator/arizona-micsupp.o
  CC      drivers/media/video/v4l2-mem2mem.o
  CC      fs/ntfs/file.o
  CC      drivers/media/rc/keymaps/rc-terratec-cinergy-xs.o
  CC      drivers/regulator/arizona-ldo1.o
  LD      net/ipv4/netfilter/iptable_nat.o
  CC      net/ipv4/netfilter/iptable_raw.o
  CC      drivers/media/rc/keymaps/rc-terratec-slim.o
  CC      drivers/rtc/rtc-sec.o
  CC      drivers/regulator/s2mps11.o
  LD      drivers/media/video/davinci/built-in.o
  CC      drivers/media/rc/keymaps/rc-terratec-slim-2.o
  CC      drivers/media/video/exynos/fimc-is-mc2/fimc-is-sec-define.o
  CC      fs/proc/generic.o
  CC      net/ipv4/netfilter/iptable_security.o
  CC      drivers/media/rc/keymaps/rc-tevii-nec.o
  CC      drivers/media/rc/keymaps/rc-tivo.o
  CC      drivers/regulator/max77803.o
  CC      drivers/net/ppp/bsd_comp.o
  CC      drivers/mmc/core/mmc_ops.o
  CC      drivers/media/rc/keymaps/rc-total-media-in-hand.o
  CC      net/ipv4/netfilter/ipt_ah.o
  LD      drivers/rtc/rtc-core.o
  LD      drivers/rtc/built-in.o
  CC      drivers/scsi/scsi.o
  CC      drivers/media/rc/keymaps/rc-trekstor.o
  CC      fs/proc/array.o
  CC      drivers/media/rc/keymaps/rc-tt-1500.o
  CC      net/ipv4/netfilter/ipt_MASQUERADE.o
  LD      drivers/regulator/built-in.o
  CC      drivers/net/ppp/ppp_deflate.o
  CC      drivers/secfilter/sec_filter.o
  CC      drivers/media/rc/keymaps/rc-twinhan1027.o
  CC      drivers/media/video/exynos/fimc-is-mc2/crc32.o
  CC      drivers/mmc/core/sd.o
  CC      drivers/media/video/exynos/fimc-is-mc2/fimc-is-core.o
  CC      drivers/media/rc/keymaps/rc-videomate-m1f.o
  CC      fs/ntfs/index.o
  CC      drivers/net/ppp/ppp_mppe.o
  CC      net/ipv4/netfilter/ipt_NETMAP.o
  CC      drivers/media/rc/keymaps/rc-videomate-s350.o
  CC      fs/proc/proc_tty.o
  CC      drivers/media/rc/keymaps/rc-videomate-tv-pvr.o
  CC      drivers/secfilter/tcp_track.o
  CC      fs/ntfs/inode.o
  CC      net/ipv4/netfilter/ipt_REDIRECT.o
  CC      drivers/scsi/hosts.o
  CC      drivers/media/rc/keymaps/rc-winfast.o
  CC      drivers/mmc/core/sd_ops.o
  CC      fs/proc/cmdline.o
  CC      drivers/net/ppp/pppox.o
  CC      drivers/media/rc/keymaps/rc-winfast-usbii-deluxe.o
  CC      fs/proc/consoles.o
  CC      net/ipv4/netfilter/ipt_REJECT.o
  LD      drivers/media/rc/keymaps/built-in.o
  CC      drivers/mmc/core/sdio.o
  LD      drivers/media/rc/built-in.o
  CC      fs/proc/cpuinfo.o
  LD      drivers/media/media.o
  CC      drivers/sensors/sensors_core.o
  CC      drivers/net/ppp/pppolac.o
  CC      drivers/scsi/scsi_ioctl.o
  CC      drivers/media/video/exynos/fimc-is-mc2/fimc-is-framemgr.o
  CC      drivers/secfilter/url_parser.o
  CC      fs/proc/devices.o
  CC      drivers/sensors/bma255.o
  CC      fs/proc/interrupts.o
  CC      net/ipv4/netfilter/arp_tables.o
  CC      drivers/scsi/constants.o
  CC      drivers/mmc/core/sdio_ops.o
  CC      drivers/net/ppp/pppopns.o
  CC      drivers/media/video/exynos/fimc-is-mc2/fimc-is-groupmgr.o
  CC      fs/proc/loadavg.o
  LD      drivers/secfilter/secfilter.o
  LD      drivers/secfilter/built-in.o
  CC      fs/proc/meminfo.o
  CC      fs/proc/stat.o
  CC      drivers/scsi/scsicam.o
  CC      drivers/mmc/core/sdio_bus.o
  LD      drivers/net/ppp/built-in.o
  CC      drivers/net/slip/slhc.o
  CC      fs/proc/uptime.o
  CC      drivers/sensors/bmg160.o
  CC      fs/proc/version.o
  CC      fs/ntfs/mft.o
  CC      drivers/scsi/scsi_error.o
  CC      drivers/mmc/core/sdio_cis.o
  CC      net/ipv4/netfilter/arpt_mangle.o
  CC      fs/proc/softirqs.o
  CC      fs/proc/namespaces.o
  CC      drivers/net/usb/rtl8150.o
  CC      fs/proc/proc_sysctl.o
  CC      net/ipv4/netfilter/arptable_filter.o
  CC      drivers/mmc/core/sdio_io.o
  LD      drivers/net/slip/built-in.o
  CC      drivers/media/video/exynos/fimc-is-mc2/fimc-is-video.o
  CC      drivers/net/wireless/bcmdhd4354/bcmsdh.o
  CC      drivers/sensors/ak09911c.o
  LD      net/ipv4/netfilter/nf_conntrack_ipv4.o
  LD      net/ipv4/netfilter/nf_nat.o
  LD      net/ipv4/netfilter/built-in.o
  LD      net/ipv4/built-in.o
  CC      drivers/mmc/core/sdio_irq.o
  CC      net/ipv6/af_inet6.o
  CC      drivers/net/usb/asix.o
  CC      drivers/scsi/scsi_lib.o
  CC      drivers/net/wireless/bcmdhd4354/bcmsdh_linux.o
  CC      drivers/sensors/cm3323.o
  CC      drivers/mmc/core/quirks.o
  CC      fs/proc/proc_net.o
  CC      drivers/mmc/core/cd-gpio.o
  CC      drivers/media/video/exynos/fimc-is-mc2/fimc-is-video-3a0.o
  CC      drivers/net/wireless/bcmdhd4354/bcmsdh_sdmmc.o
  CC      drivers/mmc/core/debugfs.o
  CC      fs/proc/kmsg.o
  LD      drivers/sensors/built-in.o
  CC      drivers/spi/spi.o
  CC      fs/ntfs/mst.o
  CC      fs/proc/page.o
  CC      drivers/net/usb/cdc_ether.o
  CC      net/ipv6/anycast.o
  CC      fs/ntfs/namei.o
  CC      drivers/mmc/core/mmc_trace.o
  CC      drivers/media/video/exynos/fimc-is-mc2/fimc-is-video-3a1.o
  CC      drivers/scsi/scsi_lib_dma.o
  CC      fs/ntfs/runlist.o
  CC      drivers/net/usb/smsc75xx.o
  LD      fs/proc/proc.o
  CC      drivers/spi/spi-s3c64xx.o
  LD      fs/proc/built-in.o
  LD      fs/quota/built-in.o
  LD      drivers/mmc/core/mmc_core.o
  CC      fs/ramfs/inode.o
  LD      drivers/mmc/core/built-in.o
  CC      drivers/mmc/host/dw_mmc.o
  CC      drivers/scsi/scsi_scan.o
  CC      drivers/media/video/exynos/fimc-is-mc2/fimc-is-video-sensor0.o
  CC      drivers/net/wireless/bcmdhd4354/bcmsdh_sdmmc_linux.o
  CC      net/ipv6/ip6_output.o
  CC      fs/ramfs/file-mmu.o
  CC      drivers/net/wireless/bcmdhd4354/dhd_cdc.o
  LD      fs/ramfs/ramfs.o
  LD      fs/ramfs/built-in.o
  CC      fs/romfs/storage.o
  CC      drivers/media/video/exynos/fimc-is-mc2/fimc-is-video-sensor1.o
  LD      drivers/spi/built-in.o
  CC      drivers/staging/staging.o
  CC      fs/romfs/super.o
  CC      drivers/net/usb/smsc9500.o
  CC      drivers/scsi/scsi_sysfs.o
  CC      drivers/staging/android/binder.o
  CC      drivers/net/wireless/bcmdhd4354/dhd_pno.o
  CC      drivers/media/video/exynos/fimc-is-mc2/fimc-is-video-isp.o
  LD      fs/romfs/romfs.o
  LD      fs/romfs/built-in.o
  CC      fs/sdcardfs/dentry.o
  CC      fs/ntfs/super.o
  CC      fs/sdcardfs/file.o
  CC      drivers/media/video/exynos/fimc-is-mc2/fimc-is-video-scc.o
  CC      drivers/scsi/scsi_devinfo.o
  CC      net/ipv6/ip6_input.o
  CC      fs/sdcardfs/inode.o
  CC      drivers/mmc/host/dw_mmc-pltfm.o
  CC      drivers/media/video/exynos/fimc-is-mc2/fimc-is-video-scp.o
  CC      drivers/scsi/scsi_sysctl.o
  CC      drivers/scsi/scsi_proc.o
  LD      drivers/mmc/host/built-in.o
  LD      drivers/mmc/built-in.o
  CC      drivers/switch/switch_class.o
  CC      net/ipv6/addrconf.o
  CC      fs/sdcardfs/main.o
  CC      drivers/media/video/exynos/fimc-is-mc2/fimc-is-video-vdisc.o
  CC      drivers/scsi/scsi_trace.o
  CC      drivers/net/wireless/bcmdhd4354/dhd_common.o
  CC      drivers/switch/switch-arizona.o
  CC      fs/sdcardfs/super.o
  CC      drivers/scsi/scsi_pm.o
  CC      fs/ntfs/sysctl.o
  CC      fs/ntfs/unistr.o
  CC      drivers/media/video/exynos/fimc-is-mc2/fimc-is-video-vdiso.o
  CC      fs/sdcardfs/lookup.o
  CC      drivers/scsi/sd.o
  CC      fs/ntfs/upcase.o
  CC      drivers/media/video/exynos/fimc-is-mc2/fimc-is-mem.o
  CC      fs/sdcardfs/mmap.o
  CC      fs/ntfs/bitmap.o
  LD      drivers/switch/built-in.o
  CC      fs/sdcardfs/packagelist.o
  CC      drivers/media/video/exynos/fimc-is-mc2/fimc-is-device.o
  CC      fs/sdcardfs/derived_perm.o
  CC      fs/ntfs/lcnalloc.o
  CC      drivers/media/video/exynos/fimc-is-mc2/fimc-is-device-flite.o
  CC      drivers/net/wireless/bcmdhd4354/dhd_wlfc.o
  LD      drivers/scsi/arm/built-in.o
  CC      drivers/scsi/sg.o
  LD      fs/sdcardfs/sdcardfs.o
  LD      fs/sdcardfs/built-in.o
  CC      fs/sysfs/inode.o
  CC      fs/ntfs/logfile.o
  CC      fs/sysfs/file.o
  CC      drivers/staging/android/ashmem.o
  CC      drivers/net/usb/smscusbnet.o
  CC      drivers/media/video/exynos/fimc-is-mc2/fimc-is-device-sensor.o
  CC      drivers/staging/android/logger.o
  LD      drivers/scsi/scsi_mod.o
  LD      drivers/scsi/sd_mod.o
  CC      drivers/staging/android/persistent_ram.o
  CC      fs/sysfs/dir.o
  CC      fs/ntfs/quota.o
  CC      net/ipv6/addrlabel.o
  CC      fs/ntfs/usnjrnl.o
  LD      fs/ntfs/ntfs.o
  LD      fs/ntfs/built-in.o
  CC      fs/eventpoll.o
  CC      drivers/media/video/exynos/fimc-is-mc2/fimc-is-device-ischain.o
  CC      drivers/staging/android/ram_console.o
  CC      drivers/staging/android/timed_output.o
  CC      fs/sysfs/symlink.o
  LD      drivers/scsi/built-in.o
  CC      drivers/thermal/thermal_sys.o
  CC      net/ipv6/route.o
  CC      drivers/net/usb/net1080.o
  CC      drivers/net/usb/cdc_subset.o
  CC      drivers/staging/android/timed_gpio.o
  CC      fs/sysfs/mount.o
  CC      drivers/net/wireless/bcmdhd4354/dhd_ip.o
  CC      drivers/net/usb/zaurus.o
  CC      drivers/staging/android/lowmemorykiller.o
  CC      fs/sysfs/bin.o
  CC      drivers/net/usb/usbnet.o
  CC      fs/anon_inodes.o
  CC      fs/sysfs/group.o
  CC      fs/signalfd.o
  CC      drivers/net/wireless/bcmdhd4354/dhd_custom_gpio.o
  CC      fs/timerfd.o
  LD      fs/sysfs/built-in.o
  CC      drivers/staging/android/alarm-dev.o
  CC      fs/eventfd.o
  CC      drivers/thermal/cpu_cooling.o
  CC      fs/aio.o
  CC      drivers/net/wireless/bcmdhd4354/dhd_custom_sec.o
  LD      drivers/staging/android/built-in.o
  LD      drivers/staging/media/built-in.o
  CC      drivers/thermal/exynos_thermal.o
  CC      fs/locks.o
  LD      drivers/staging/serial/built-in.o
  CC      fs/binfmt_misc.o
  CC      drivers/staging/vnswap/vnswap.o
  CC      drivers/net/usb/cdc_ncm.o
  CC      net/ipv6/ip6_fib.o
  CC      drivers/net/wireless/bcmdhd4354/dhd_linux.o
  CC      drivers/media/video/exynos/fimc-is-mc2/fimc-is-interface.o
  CC      fs/binfmt_script.o
  LD      drivers/thermal/built-in.o
  CC      drivers/tty/tty_io.o
  CC      drivers/staging/vnswap/vnswap_sysfs.o
  CC      fs/binfmt_elf.o
  LD      drivers/net/usb/built-in.o
  CC      fs/mbcache.o
  CC      fs/posix_acl.o
  LD      drivers/staging/vnswap/built-in.o
  LD      drivers/staging/built-in.o
  CC      fs/xattr_acl.o
  CC      drivers/usb/class/usblp.o
  CC      net/ipv6/ipv6_sockglue.o
  CC      fs/generic_acl.o
  CC      net/ipv6/ndisc.o
  CC      net/key/af_key.o
  CC      net/netfilter/core.o
  CC      drivers/media/video/exynos/fimc-is-mc2/fimc-is-spi.o
  LD      drivers/usb/class/built-in.o
  CC      drivers/usb/core/usb.o
  LD      fs/built-in.o
  CC      net/ipv6/udp.o
  CC      net/netfilter/nf_log.o
  CC      net/ipv6/udplite.o
  CC      drivers/tty/n_tty.o
  CC      drivers/media/video/exynos/fimc-is-mc2/fimc-is-time.o
  CC      net/ipv6/raw.o
  CC      drivers/usb/core/hub.o
  CC      net/netfilter/nf_queue.o
  LD      drivers/media/video/exynos/fimc-is-mc2/built-in.o
  CC      drivers/media/video/exynos/fimc-is-sensor/6b2_vision.o
  CC      net/ipv6/protocol.o
  CC      net/netfilter/nf_sockopt.o
  CC      net/ipv6/icmp.o
  CC      drivers/net/wireless/bcmdhd4354/dhd_linux_sched.o
  CC      net/ipv6/mcast.o
  CC      net/netfilter/nf_conntrack_core.o
  LD      drivers/media/video/exynos/fimc-is-sensor/exynos_sensor.o
  LD      drivers/media/video/exynos/fimc-is-sensor/built-in.o
  CC      drivers/media/video/exynos/fimc-lite/fimc-lite-core.o
  CC      drivers/tty/tty_ioctl.o
  CC      net/ipv6/reassembly.o
  CC      drivers/net/wireless/bcmdhd4354/dhd_cfg80211.o
  LD      net/key/built-in.o
  CC      net/netlink/af_netlink.o
  CC      drivers/net/wireless/bcmdhd4354/dhd_sdio.o
  CC      net/ipv6/tcp_ipv6.o
  CC      drivers/tty/tty_ldisc.o
  CC      net/ipv6/ping.o
  CC      drivers/media/video/exynos/fimc-lite/fimc-lite-reg.o
  CC      net/netfilter/nf_conntrack_standalone.o
  CC      drivers/tty/tty_buffer.o
  CC      drivers/usb/core/hcd.o
  CC      net/ipv6/exthdrs.o
  CC      drivers/media/video/exynos/fimc-lite/fimc-lite-vb2.o
  CC      drivers/tty/tty_port.o
  CC      net/netfilter/nf_conntrack_expect.o
  CC      net/netlink/genetlink.o
  CC      net/ipv6/datagram.o
  LD      drivers/media/video/exynos/fimc-lite/fimc-lite.o
  CC      net/ipv6/ip6_flowlabel.o
  LD      drivers/media/video/exynos/fimc-lite/built-in.o
  CC      drivers/media/video/exynos/fimg2d/fimg2d_drv.o
  CC      drivers/tty/tty_mutex.o
  CC      net/ipv6/inet6_connection_sock.o
  CC      net/netfilter/nf_conntrack_helper.o
  CC      drivers/tty/pty.o
  LD      net/netlink/built-in.o
  CC      net/packet/af_packet.o
  CC      net/ipv6/sysctl_net_ipv6.o
  CC      drivers/media/video/exynos/fimg2d/fimg2d_clk.o
  CC      net/ipv6/xfrm6_policy.o
  CC      drivers/usb/core/urb.o
  CC      net/ipv6/xfrm6_state.o
  CC      net/netfilter/nf_conntrack_proto.o
  CC      drivers/media/video/exynos/fimg2d/fimg2d_ctx.o
  CC      drivers/tty/tty_audit.o
  CC      net/ipv6/xfrm6_input.o
  CC      net/ipv6/xfrm6_output.o
  CC      drivers/usb/core/message.o
  CC      drivers/tty/sysrq.o
  CC      net/netfilter/nf_conntrack_l3proto_generic.o
  CC      net/ipv6/netfilter.o
  CC      drivers/media/video/exynos/fimg2d/fimg2d_cache.o
  CC      net/ipv6/fib6_rules.o
  CC      net/ipv6/proc.o
  CC      drivers/media/video/exynos/fimg2d/fimg2d_helper.o
  CC      net/netfilter/nf_conntrack_proto_generic.o
  CC      net/ipv6/ah6.o
  LD      drivers/tty/ipwireless/built-in.o
  CC      drivers/tty/serial/serial_core.o
  CC      drivers/media/video/exynos/fimg2d/fimg2d4x_blt.o
  CC      net/ipv6/esp6.o
  CC      net/ipv6/ipcomp6.o
  CC      net/netfilter/nf_conntrack_proto_tcp.o
  CC      drivers/usb/core/driver.o
  CC      drivers/media/video/exynos/fimg2d/fimg2d4x_hw.o
  LD      net/packet/built-in.o
  CC      net/phonet/pn_dev.o
  CC      net/ipv6/xfrm6_tunnel.o
  CC      net/rfkill/core.o
  CC      net/sched/sch_generic.o
  AS      drivers/media/video/exynos/fimg2d/fimg2d_cache_asm.o
  LD      drivers/media/video/exynos/fimg2d/built-in.o
  CC      drivers/media/video/exynos/gsc/gsc-core.o
  CC      net/ipv6/tunnel6.o
  CC      net/netfilter/nf_conntrack_proto_udp.o
  CC      net/phonet/pn_netlink.o
  CC      drivers/usb/core/config.o
  CC      drivers/net/wireless/bcmdhd4354/dhd_linux_wq.o
  CC      drivers/tty/serial/8250/8250.o
  LD      net/rfkill/rfkill.o
  LD      net/rfkill/built-in.o
  CC      net/ipv6/xfrm6_mode_transport.o
  CC      net/ipv6/xfrm6_mode_tunnel.o
  CC      net/netfilter/nf_conntrack_extend.o
  CC      drivers/net/wireless/bcmdhd4354/aiutils.o
  CC      net/sched/sch_mq.o
  CC      net/phonet/socket.o
  CC      net/ipv6/xfrm6_mode_beet.o
  CC      net/ipv6/mip6.o
  CC      net/netfilter/nf_conntrack_acct.o
  CC      drivers/usb/core/file.o
  CC      net/sched/sch_api.o
  CC      net/ipv6/netfilter/ip6_tables.o
  CC      drivers/media/video/exynos/gsc/gsc-vb2.o
  CC      net/netfilter/nf_conntrack_ecache.o
  CC      drivers/usb/core/buffer.o
  CC      drivers/media/video/exynos/gsc/gsc-m2m.o
  CC      net/phonet/datagram.o
  CC      net/ipv6/sit.o
  CC      drivers/net/wireless/bcmdhd4354/bcmevent.o
  LD      drivers/tty/serial/8250/built-in.o
  CC      drivers/tty/serial/samsung.o
  CC      net/netfilter/nf_conntrack_h323_main.o
  CC      drivers/usb/core/sysfs.o
  CC      net/phonet/sysctl.o
  CC      drivers/net/wireless/bcmdhd4354/bcmutils.o
  CC      net/phonet/af_phonet.o
  CC      drivers/usb/core/endpoint.o
  LD      drivers/tty/serial/built-in.o
  CC      net/ipv6/netfilter/ip6table_filter.o
  LD      drivers/tty/vt/built-in.o
  CC      drivers/media/video/exynos/gsc/gsc-output.o
  LD      drivers/tty/built-in.o
  CC      drivers/video/fb_notify.o
  CC      net/sched/sch_blackhole.o
  CC      drivers/usb/core/devio.o
  CC      net/ipv6/ip6_tunnel.o
  CC      net/phonet/pep.o
  CC      drivers/video/fbmem.o
  CC      net/ipv6/netfilter/ip6table_mangle.o
  CC      net/sched/cls_api.o
  CC      net/netfilter/nf_conntrack_h323_asn1.o
  CC      net/ipv6/netfilter/ip6table_raw.o
  CC      drivers/media/video/exynos/gsc/gsc-capture.o
  CC      net/netfilter/nfnetlink.o
  CC      drivers/net/wireless/bcmdhd4354/bcmwifi_channels.o
  CC      net/sched/act_api.o
  CC      net/ipv6/netfilter/nf_conntrack_l3proto_ipv6.o
  CC      drivers/video/fbmon.o
  CC      net/phonet/pep-gprs.o
  CC      net/netfilter/nfnetlink_queue.o
  CC      net/ipv6/addrconf_core.o
  CC      drivers/usb/core/notify.o
  CC      drivers/net/wireless/bcmdhd4354/hndpmu.o
  CC      net/ipv6/netfilter/nf_conntrack_proto_icmpv6.o
  CC      drivers/usb/core/generic.o
  LD      net/phonet/phonet.o
  LD      net/phonet/pn_pep.o
  LD      net/phonet/built-in.o
  CC      net/unix/af_unix.o
  CC      net/ipv6/exthdrs_core.o
  CC      net/sched/act_police.o
  CC      drivers/media/video/exynos/gsc/gsc-regs.o
  CC      drivers/usb/core/quirks.o
  CC      net/netfilter/nfnetlink_log.o
  CC      net/ipv6/netfilter/nf_defrag_ipv6_hooks.o
  CC      drivers/net/wireless/bcmdhd4354/linux_osl.o
  CC      net/ipv6/inet6_hashtables.o
  CC      drivers/usb/core/devices.o
  CC      drivers/video/fbcmap.o
  CC      net/sched/act_gact.o
  CC      net/ipv6/netfilter/nf_conntrack_reasm.o
  CC      drivers/media/video/exynos/gsc/coef.o
  LD      net/netfilter/nf_conntrack.o
  LD      drivers/usb/core/usbcore.o
  CC      drivers/video/fbsysfs.o
  CC      net/netfilter/nf_conntrack_proto_dccp.o
  LD      drivers/usb/core/built-in.o
  CC      net/sched/act_mirred.o
  CC      drivers/usb/dwc3/exynos-drd.o
  LD      drivers/media/video/exynos/gsc/gsc.o
  LD      net/ipv6/ipv6.o
  LD      drivers/media/video/exynos/gsc/built-in.o
  CC      drivers/media/video/exynos/jpeg_hx/jpeg_hx_dev.o
  CC      drivers/net/wireless/bcmdhd4354/sbutils.o
  CC      drivers/media/video/exynos/jpeg_hx/jpeg_hx_dec.o
  CC      drivers/video/modedb.o
  CC      net/sched/sch_fifo.o
  CC      drivers/usb/dwc3/exynos-drd-switch.o
  CC      net/unix/garbage.o
  CC      net/ipv6/netfilter/ip6t_REJECT.o
  CC      net/netfilter/nf_conntrack_proto_gre.o
  CC      drivers/media/video/exynos/jpeg_hx/jpeg_hx_enc.o
  CC      drivers/media/video/exynos/jpeg_hx/jpeg_hx_regs.o
  CC      net/sched/sch_htb.o
  CC      drivers/video/fbcvt.o
  CC      net/unix/sysctl_net_unix.o
  CC      drivers/net/wireless/bcmdhd4354/siutils.o
  LD      drivers/usb/dwc3/built-in.o
  CC      drivers/usb/gadget/udc-core.o
  LD      net/ipv6/netfilter/nf_conntrack_ipv6.o
  CC      drivers/media/video/exynos/jpeg_hx/jpeg_hx_mem.o
  LD      net/ipv6/netfilter/nf_defrag_ipv6.o
  LD      net/ipv6/netfilter/built-in.o
  LD      net/ipv6/built-in.o
  CC      net/netfilter/nf_conntrack_proto_sctp.o
  CC      net/wireless/core.o
  CC      net/xfrm/xfrm_policy.o
  LD      net/unix/unix.o
  LD      net/unix/built-in.o
  LD      drivers/media/video/exynos/jpeg_hx/jpeg_hx.o
  CC      net/sysctl_net.o
  LD      drivers/media/video/exynos/jpeg_hx/built-in.o
  CC      drivers/media/video/exynos/mdev/exynos-mdev.o
  CC      drivers/video/backlight/lcd.o
  CC      drivers/usb/gadget/exynos_ss_udc.o
  CC      net/activity_stats.o
  CC      drivers/video/backlight/platform_lcd.o
  LD      drivers/media/video/exynos/mdev/mdev.o
  LD      drivers/media/video/exynos/mdev/built-in.o
  CC      drivers/media/video/exynos/mfc/s5p_mfc.o
  CC      net/netfilter/nf_conntrack_proto_udplite.o
  CC      net/netfilter/nf_conntrack_netlink.o
  CC      drivers/video/backlight/s6tnmr7_mipi_lcd.o
  CC      net/sched/sch_ingress.o
  CC      net/wireless/sysfs.o
  CC      net/sched/cls_u32.o
  CC      net/wireless/radiotap.o
  CC      net/netfilter/nf_conntrack_amanda.o
  CC      net/wireless/util.o
  CC      drivers/net/wireless/bcmdhd4354/wl_android.o
  CC      drivers/media/video/exynos/mipi-csis/mipi-csis.o
  CC      drivers/usb/gadget/android.o
  CC      drivers/video/backlight/dynamic_aid.o
  CC      net/sched/ematch.o
  CC      net/xfrm/xfrm_state.o
  LD      drivers/media/video/exynos/mipi-csis/built-in.o
  CC      drivers/media/video/exynos/scaler/scaler-core.o
  CC      net/sched/em_u32.o
  CC      drivers/video/backlight/backlight.o
  CC      net/netfilter/nf_conntrack_ftp.o
  CC      drivers/media/video/exynos/mfc/s5p_mfc_intr.o
  CC      net/wireless/reg.o
  LD      net/sched/built-in.o
  CC      net/wireless/scan.o
  LD      drivers/video/backlight/built-in.o
  LD      drivers/video/omap2/displays/built-in.o
  CC      drivers/media/video/exynos/mfc/s5p_mfc_dec.o
  LD      drivers/video/omap2/built-in.o
  CC      drivers/video/cfbfillrect.o
  LD      net/netfilter/nf_conntrack_h323.o
  CC      net/netfilter/nf_conntrack_irc.o
  CC      drivers/video/cfbcopyarea.o
  CC      net/xfrm/xfrm_hash.o
  CC      net/netfilter/nf_conntrack_broadcast.o
  CC      drivers/net/wireless/bcmdhd4354/wl_cfg80211.o
  CC      drivers/video/cfbimgblt.o
  CC      net/wireless/nl80211.o
  CC      net/wireless/mlme.o
  CC      net/xfrm/xfrm_input.o
  CC      drivers/media/video/exynos/scaler/scaler-regs.o
  CC      drivers/video/s5p_mipi_dsi.o
  CC      net/netfilter/nf_conntrack_netbios_ns.o
  CC      net/xfrm/xfrm_output.o
  CC      drivers/media/video/exynos/scaler/scaler-vb2.o
  CC      net/netfilter/nf_conntrack_pptp.o
  CC      drivers/media/video/exynos/mfc/s5p_mfc_enc.o
  CC      net/wireless/ibss.o
  LD      drivers/media/video/exynos/scaler/scaler.o
  LD      drivers/media/video/exynos/scaler/built-in.o
  CC      net/xfrm/xfrm_algo.o
  CC      drivers/media/video/exynos/tv/hdcp_drv.o
  CC      drivers/video/s5p_mipi_dsi_lowlevel.o
  CC      net/netfilter/nf_conntrack_sane.o
  CC      net/wireless/sme.o
  CC      net/xfrm/xfrm_sysctl.o
  CC      drivers/video/s5p_mic.o
  CC      drivers/media/video/exynos/tv/hdmi_drv.o
  CC      drivers/video/mdnie_lite.o
  CC      net/netfilter/nf_conntrack_tftp.o
  CC      net/xfrm/xfrm_replay.o
  CC      net/netfilter/nf_tproxy_core.o
  CC      net/wireless/chan.o
  CC      net/xfrm/xfrm_user.o
  CC      drivers/media/video/exynos/tv/hdmi_edid.o
  CC      net/wireless/ethtool.o
  CC      drivers/video/mdnie_tuning.o
  CC      net/netfilter/x_tables.o
  CC      drivers/media/video/exynos/tv/hdmi_reg_5xx0.o
  CC      drivers/video/s3c-fb.o
  CC      net/wireless/mesh.o
  CC      drivers/media/video/exynos/mfc/s5p_mfc_ctrl.o
  CC      net/wireless/wext-compat.o
  CC      drivers/media/video/exynos/mfc/s5p_mfc_inst.o
  CC      drivers/media/video/exynos/mfc/s5p_mfc_mem.o
  CC      net/netfilter/xt_tcpudp.o
  CC      drivers/media/video/exynos/mfc/s5p_mfc_reg.o
  CC      net/xfrm/xfrm_ipcomp.o
  CC      drivers/media/video/exynos/mfc/s5p_mfc_pm.o
  CC      net/wireless/wext-sme.o
  CC      net/netfilter/xt_mark.o
  CC      net/wireless/wext-core.o
  CC      drivers/media/video/exynos/tv/hdmiphy_conf_5410.o
  CC      net/netfilter/xt_connmark.o
  CC      drivers/media/video/exynos/tv/mixer_vb2.o
  LD      net/xfrm/built-in.o
  CC      drivers/media/video/exynos/tv/mixer_drv.o
  CC      drivers/media/video/exynos/mfc/s5p_mfc_qos.o
  CC      net/wireless/wext-proc.o
  CC      drivers/media/video/exynos/tv/mixer_video.o
  LD      net/wireless/cfg80211.o
  CC      drivers/media/video/exynos/mfc/s5p_mfc_opr_v6.o
  CC      net/netfilter/xt_CLASSIFY.o
  CC      drivers/media/video/exynos/mfc/s5p_mfc_cmd_v6.o
  LD      net/wireless/built-in.o
  CC      net/netfilter/xt_CONNSECMARK.o
  CC      drivers/video/secfb_notify.o
  LD      drivers/media/video/exynos/mfc/s5p-mfc.o
  CC      net/netfilter/xt_NFLOG.o
  CC      drivers/net/wireless/bcmdhd4354/wl_cfgp2p.o
  LD      drivers/video/fb.o
  LD      drivers/video/built-in.o
  CC      drivers/watchdog/watchdog_core.o
  CC      net/netfilter/xt_NFQUEUE.o
  CC      drivers/watchdog/watchdog_dev.o
  CC      net/netfilter/xt_SECMARK.o
  CC      drivers/media/video/exynos/tv/mixer_reg.o
  CC      drivers/media/video/exynos/tv/mixer_grp_layer.o
  CC      drivers/watchdog/s3c2410_wdt.o
  CC      net/netfilter/xt_TPROXY.o
  CC      net/netfilter/xt_TCPMSS.o
  CC      drivers/media/video/exynos/tv/mixer_video_layer.o
  LD      drivers/watchdog/watchdog.o
  LD      drivers/watchdog/built-in.o
  CC      drivers/net/wireless/bcmdhd4354/wl_cfg_btcoex.o
  CC      net/netfilter/xt_TRACE.o
  LD      drivers/media/video/exynos/tv/s5p-hdmi.o
  LD      drivers/media/video/exynos/tv/s5p-mixer.o
  LD      drivers/media/video/exynos/tv/built-in.o
  CC      drivers/net/wireless/bcmdhd4354/wldev_common.o
  CC      net/netfilter/xt_comment.o
  CC      net/netfilter/xt_connbytes.o
  CC      net/netfilter/xt_connlimit.o
  CC      net/netfilter/xt_conntrack.o
  CC      drivers/net/wireless/bcmdhd4354/wl_linux_mon.o
  CC      drivers/net/wireless/bcmdhd4354/wl_roam.o
  CC      net/netfilter/xt_ecn.o
  LD      drivers/media/video/exynos/mfc/built-in.o
  LD      drivers/media/video/exynos/built-in.o
  CC      drivers/net/wireless/bcmdhd4354/dhd_linux_platdev.o
  CC      net/netfilter/xt_hashlimit.o
  CC      net/netfilter/xt_helper.o
  CC      drivers/media/video/gspca/gspca.o
  CC      net/netfilter/xt_hl.o
  CC      drivers/usb/gadget/multi_config.o
  CC      drivers/usb/host/ehci-hcd.o
  CC      net/netfilter/xt_iprange.o
  CC      net/netfilter/xt_length.o
  CC      drivers/usb/host/xhci.o
  CC      drivers/usb/host/xhci-mem.o
  LD      drivers/usb/gadget/g_android.o
  LD      drivers/usb/gadget/built-in.o
  LD      drivers/usb/misc/built-in.o
  LD      drivers/net/wireless/bcmdhd4354/dhd.o
  CC      net/netfilter/xt_limit.o
  LD      drivers/net/wireless/bcmdhd4354/built-in.o
  LD      drivers/net/wireless/built-in.o
  CC      drivers/media/video/mhl/sii8240.o
  LD      drivers/net/built-in.o
  CC      net/netfilter/xt_mac.o
  CC      drivers/media/video/ir-kbd-i2c.o
  CC      net/netfilter/xt_pkttype.o
  CC      net/netfilter/xt_policy.o
  CC      net/netfilter/xt_qtaguid_print.o
  CC      net/netfilter/xt_qtaguid.o
  LD      drivers/media/video/videodev.o
  CC      net/netfilter/xt_quota.o
  LD      drivers/media/video/gspca/gspca_main.o
  LD      drivers/media/video/gspca/built-in.o
  CC      net/netfilter/xt_quota2.o
  CC      net/netfilter/xt_socket.o
  CC      net/netfilter/xt_state.o
  CC      net/netfilter/xt_statistic.o
  CC      net/netfilter/xt_string.o
  CC      net/netfilter/xt_time.o
  CC      drivers/usb/host/xhci-ring.o
  CC      net/netfilter/xt_u32.o
  LD      net/netfilter/netfilter.o
  CC      drivers/usb/notify/host_notify_class.o
  CC      drivers/usb/host/xhci-hub.o
  CC      drivers/usb/host/xhci-dbg.o
  CC      drivers/usb/otg/otg.o
  LD      drivers/usb/otg/built-in.o
  CC      drivers/usb/serial/usb-serial.o
  CC      drivers/usb/notify/host_notifier.o
  CC      drivers/usb/storage/scsiglue.o
  CC      drivers/usb/host/xhci-exynos.o
  LD      drivers/usb/notify/built-in.o
  CC      drivers/usb/usb-common.o
  LD      drivers/media/video/mhl/built-in.o
  LD      drivers/media/video/built-in.o
  CC      drivers/usb/serial/generic.o
  CC      drivers/usb/storage/protocol.o
  LD      drivers/media/built-in.o
  CC      drivers/usb/serial/bus.o
  CC      drivers/usb/storage/transport.o
  CC      drivers/usb/storage/usb.o
  CC      drivers/usb/storage/initializers.o
  CC      drivers/usb/serial/pl2303.o
  CC      drivers/usb/storage/sierra_ms.o
  LD      net/netfilter/built-in.o
  LD      net/built-in.o
  CC      drivers/usb/storage/option_ms.o
  CC      drivers/usb/storage/usual-tables.o
  LD      drivers/usb/serial/usbserial.o
  LD      drivers/usb/host/xhci-hcd.o
  LD      drivers/usb/storage/usb-storage.o
  LD      drivers/usb/storage/built-in.o
  LD      drivers/usb/host/built-in.o
  LD      drivers/usb/serial/built-in.o
  LD      drivers/usb/built-in.o
  LD      drivers/built-in.o
  LD      vmlinux.o
  MODPOST vmlinux.o
  GEN     .version
  CHK     include/generated/compile.h
  UPD     include/generated/compile.h
  CC      init/version.o
  LD      init/built-in.o
  LD      .tmp_vmlinux1
  KSYM    .tmp_kallsyms1.S
  AS      .tmp_kallsyms1.o
  LD      .tmp_vmlinux2
  KSYM    .tmp_kallsyms2.S
  AS      .tmp_kallsyms2.o
  LD      vmlinux
  SYSMAP  System.map
  SYSMAP  .tmp_System.map
  OBJCOPY arch/arm/boot/Image
  Kernel: arch/arm/boot/Image is ready
  AS      arch/arm/boot/compressed/head.o
  XZKERN  arch/arm/boot/compressed/piggy.xzkern
  CC      arch/arm/boot/compressed/misc.o
  CC      arch/arm/boot/compressed/decompress.o
  CC      arch/arm/boot/compressed/string.o
  SHIPPED arch/arm/boot/compressed/lib1funcs.S
  SHIPPED arch/arm/boot/compressed/ashldi3.S
  AS      arch/arm/boot/compressed/lib1funcs.o
  AS      arch/arm/boot/compressed/ashldi3.o
  AS      arch/arm/boot/compressed/piggy.xzkern.o
  LD      arch/arm/boot/compressed/vmlinux
  OBJCOPY arch/arm/boot/zImage
  Kernel: arch/arm/boot/zImage is ready
